::ffff:127.0.0.1 - - [26/May/2020:18:25:34 +0000] "POST /api/green/insertGreenChannelhj HTTP/1.0" 200 11 "http://localhost:3000/fifth" "Mozilla/5.0 (Windows NT 10.0; Win64; x64) AppleWebKit/537.36 (KHTML, like Gecko) Chrome/80.0.3987.163 Safari/537.36"
::1 - - [26/May/2020:18:27:37 +0000] "POST /api/green/insertGreenChannelhj HTTP/1.0" 200 11 "http://localhost:3000/fifth" "Mozilla/5.0 (Windows NT 10.0; Win64; x64) AppleWebKit/537.36 (KHTML, like Gecko) Chrome/80.0.3987.163 Safari/537.36"
::ffff:127.0.0.1 - - [26/May/2020:18:31:26 +0000] "POST /api/green/insertGreenChanneldk HTTP/1.0" 200 11 "http://localhost:3000/fifth" "Mozilla/5.0 (Windows NT 10.0; Win64; x64) AppleWebKit/537.36 (KHTML, like Gecko) Chrome/80.0.3987.163 Safari/537.36"
::1 - - [26/May/2020:18:33:34 +0000] "POST /api/green/insertGreenChannelhj HTTP/1.0" 200 11 "http://localhost:3000/fifth" "Mozilla/5.0 (Windows NT 10.0; Win64; x64) AppleWebKit/537.36 (KHTML, like Gecko) Chrome/80.0.3987.163 Safari/537.36"
=======
::1 - - [25/May/2020:23:53:57 +0000] "GET /api/user/login-test HTTP/1.0" 200 30 "http://localhost:3000/first" "Mozilla/5.0 (Windows NT 10.0; WOW64) AppleWebKit/537.36 (KHTML, like Gecko) Chrome/79.0.3945.130 Safari/537.36"
::ffff:127.0.0.1 - - [25/May/2020:23:53:57 +0000] "GET /api/user/login-test HTTP/1.0" 304 - "http://localhost:3000/login" "Mozilla/5.0 (Windows NT 10.0; WOW64) AppleWebKit/537.36 (KHTML, like Gecko) Chrome/79.0.3945.130 Safari/537.36"
::1 - - [25/May/2020:23:54:06 +0000] "POST /api/user/login HTTP/1.0" 200 34 "http://localhost:3000/login" "Mozilla/5.0 (Windows NT 10.0; WOW64) AppleWebKit/537.36 (KHTML, like Gecko) Chrome/79.0.3945.130 Safari/537.36"
::ffff:127.0.0.1 - - [25/May/2020:23:54:11 +0000] "POST /api/user/login HTTP/1.0" 200 53 "http://localhost:3000/login" "Mozilla/5.0 (Windows NT 10.0; WOW64) AppleWebKit/537.36 (KHTML, like Gecko) Chrome/79.0.3945.130 Safari/537.36"
::1 - - [25/May/2020:23:54:11 +0000] "GET /api/user/login-test HTTP/1.0" 200 29 "http://localhost:3000/login" "Mozilla/5.0 (Windows NT 10.0; WOW64) AppleWebKit/537.36 (KHTML, like Gecko) Chrome/79.0.3945.130 Safari/537.36"
::ffff:127.0.0.1 - - [25/May/2020:23:54:11 +0000] "POST /api/info/queryInfo HTTP/1.0" 200 304 "http://localhost:3000/first" "Mozilla/5.0 (Windows NT 10.0; WOW64) AppleWebKit/537.36 (KHTML, like Gecko) Chrome/79.0.3945.130 Safari/537.36"
::1 - - [25/May/2020:23:54:20 +0000] "GET /api/user/login-test HTTP/1.0" 304 - "http://localhost:3000/first" "Mozilla/5.0 (Windows NT 10.0; WOW64) AppleWebKit/537.36 (KHTML, like Gecko) Chrome/79.0.3945.130 Safari/537.36"
::ffff:127.0.0.1 - - [25/May/2020:23:54:34 +0000] "GET /api/user/login-test HTTP/1.0" 304 - "http://localhost:3000/fifth" "Mozilla/5.0 (Windows NT 10.0; WOW64) AppleWebKit/537.36 (KHTML, like Gecko) Chrome/79.0.3945.130 Safari/537.36"
::1 - - [25/May/2020:23:54:34 +0000] "POST /api/info/queryInfo HTTP/1.0" 200 304 "http://localhost:3000/first" "Mozilla/5.0 (Windows NT 10.0; WOW64) AppleWebKit/537.36 (KHTML, like Gecko) Chrome/79.0.3945.130 Safari/537.36"
::ffff:127.0.0.1 - - [25/May/2020:23:54:36 +0000] "GET /api/user/login-test HTTP/1.0" 304 - "http://localhost:3000/first" "Mozilla/5.0 (Windows NT 10.0; WOW64) AppleWebKit/537.36 (KHTML, like Gecko) Chrome/79.0.3945.130 Safari/537.36"
::1 - - [25/May/2020:23:54:41 +0000] "GET /api/user/login-test HTTP/1.0" 304 - "http://localhost:3000/admin" "Mozilla/5.0 (Windows NT 10.0; WOW64) AppleWebKit/537.36 (KHTML, like Gecko) Chrome/79.0.3945.130 Safari/537.36"
::ffff:127.0.0.1 - - [25/May/2020:23:54:41 +0000] "POST /api/person/selectInfoFinish HTTP/1.0" 200 494 "http://localhost:3000/adfirst" "Mozilla/5.0 (Windows NT 10.0; WOW64) AppleWebKit/537.36 (KHTML, like Gecko) Chrome/79.0.3945.130 Safari/537.36"
::1 - - [25/May/2020:23:55:03 +0000] "GET /api/user/login-test HTTP/1.0" 304 - "http://localhost:3000/adfirst" "Mozilla/5.0 (Windows NT 10.0; WOW64) AppleWebKit/537.36 (KHTML, like Gecko) Chrome/79.0.3945.130 Safari/537.36"
::ffff:127.0.0.1 - - [25/May/2020:23:59:11 +0000] "GET /api/user/login-test HTTP/1.0" 304 - "http://localhost:3000/adfirst" "Mozilla/5.0 (Windows NT 10.0; WOW64) AppleWebKit/537.36 (KHTML, like Gecko) Chrome/79.0.3945.130 Safari/537.36"
::1 - - [25/May/2020:23:59:12 +0000] "POST /api/person/selectInfoFinish HTTP/1.0" 200 494 "http://localhost:3000/adfirst" "Mozilla/5.0 (Windows NT 10.0; WOW64) AppleWebKit/537.36 (KHTML, like Gecko) Chrome/79.0.3945.130 Safari/537.36"
::ffff:127.0.0.1 - - [25/May/2020:23:59:12 +0000] "GET /api/user/login-test HTTP/1.0" 304 - "http://localhost:3000/admin" "Mozilla/5.0 (Windows NT 10.0; WOW64) AppleWebKit/537.36 (KHTML, like Gecko) Chrome/79.0.3945.130 Safari/537.36"
::1 - - [25/May/2020:23:59:13 +0000] "GET /api/user/login-test HTTP/1.0" 304 - "http://localhost:3000/first" "Mozilla/5.0 (Windows NT 10.0; WOW64) AppleWebKit/537.36 (KHTML, like Gecko) Chrome/79.0.3945.130 Safari/537.36"
::ffff:127.0.0.1 - - [25/May/2020:23:59:13 +0000] "POST /api/info/queryInfo HTTP/1.0" 200 304 "http://localhost:3000/first" "Mozilla/5.0 (Windows NT 10.0; WOW64) AppleWebKit/537.36 (KHTML, like Gecko) Chrome/79.0.3945.130 Safari/537.36"
::1 - - [25/May/2020:23:59:16 +0000] "GET /api/user/login-test HTTP/1.0" 304 - "http://localhost:3000/first" "Mozilla/5.0 (Windows NT 10.0; WOW64) AppleWebKit/537.36 (KHTML, like Gecko) Chrome/79.0.3945.130 Safari/537.36"
::ffff:127.0.0.1 - - [25/May/2020:23:59:49 +0000] "GET /api/user/login-test HTTP/1.0" 304 - "http://localhost:3000/fifth" "Mozilla/5.0 (Windows NT 10.0; WOW64) AppleWebKit/537.36 (KHTML, like Gecko) Chrome/79.0.3945.130 Safari/537.36"
::1 - - [25/May/2020:23:59:50 +0000] "POST /api/pay/queryPayOff HTTP/1.0" 200 380 "http://localhost:3000/sixth" "Mozilla/5.0 (Windows NT 10.0; WOW64) AppleWebKit/537.36 (KHTML, like Gecko) Chrome/79.0.3945.130 Safari/537.36"
::ffff:127.0.0.1 - - [25/May/2020:23:59:50 +0000] "POST /api/pay/selectPay HTTP/1.0" 200 33 "http://localhost:3000/sixth" "Mozilla/5.0 (Windows NT 10.0; WOW64) AppleWebKit/537.36 (KHTML, like Gecko) Chrome/79.0.3945.130 Safari/537.36"
::1 - - [26/May/2020:00:00:03 +0000] "GET /api/user/login-test HTTP/1.0" 304 - "http://localhost:3000/sixth" "Mozilla/5.0 (Windows NT 10.0; WOW64) AppleWebKit/537.36 (KHTML, like Gecko) Chrome/79.0.3945.130 Safari/537.36"
::ffff:127.0.0.1 - - [26/May/2020:00:02:10 +0000] "GET /api/user/login-test HTTP/1.0" 304 - "http://localhost:3000/fifth" "Mozilla/5.0 (Windows NT 10.0; WOW64) AppleWebKit/537.36 (KHTML, like Gecko) Chrome/79.0.3945.130 Safari/537.36"
::1 - - [26/May/2020:00:02:10 +0000] "POST /api/info/queryInfo HTTP/1.0" 200 304 "http://localhost:3000/first" "Mozilla/5.0 (Windows NT 10.0; WOW64) AppleWebKit/537.36 (KHTML, like Gecko) Chrome/79.0.3945.130 Safari/537.36"
::ffff:127.0.0.1 - - [26/May/2020:00:02:17 +0000] "GET /api/user/login-test HTTP/1.0" 304 - "http://localhost:3000/first" "Mozilla/5.0 (Windows NT 10.0; WOW64) AppleWebKit/537.36 (KHTML, like Gecko) Chrome/79.0.3945.130 Safari/537.36"
::1 - - [26/May/2020:00:02:18 +0000] "POST /api/info/queryInfo HTTP/1.0" 200 304 "http://localhost:3000/first" "Mozilla/5.0 (Windows NT 10.0; WOW64) AppleWebKit/537.36 (KHTML, like Gecko) Chrome/79.0.3945.130 Safari/537.36"
::ffff:127.0.0.1 - - [26/May/2020:00:02:22 +0000] "GET /api/user/login-test HTTP/1.0" 304 - "http://localhost:3000/first" "Mozilla/5.0 (Windows NT 10.0; WOW64) AppleWebKit/537.36 (KHTML, like Gecko) Chrome/79.0.3945.130 Safari/537.36"
::1 - - [26/May/2020:00:02:28 +0000] "GET /api/user/login-test HTTP/1.0" 304 - "http://localhost:3000/admin" "Mozilla/5.0 (Windows NT 10.0; WOW64) AppleWebKit/537.36 (KHTML, like Gecko) Chrome/79.0.3945.130 Safari/537.36"
::ffff:127.0.0.1 - - [26/May/2020:00:30:47 +0000] "GET /api/user/login-test HTTP/1.0" 304 - "http://localhost:3000/admin" "Mozilla/5.0 (Windows NT 10.0; WOW64) AppleWebKit/537.36 (KHTML, like Gecko) Chrome/79.0.3945.130 Safari/537.36"
::1 - - [26/May/2020:00:30:48 +0000] "GET /api/user/login-test HTTP/1.0" 304 - "http://localhost:3000/first" "Mozilla/5.0 (Windows NT 10.0; WOW64) AppleWebKit/537.36 (KHTML, like Gecko) Chrome/79.0.3945.130 Safari/537.36"
::ffff:127.0.0.1 - - [26/May/2020:00:30:48 +0000] "POST /api/info/queryInfo HTTP/1.0" 200 304 "http://localhost:3000/first" "Mozilla/5.0 (Windows NT 10.0; WOW64) AppleWebKit/537.36 (KHTML, like Gecko) Chrome/79.0.3945.130 Safari/537.36"
::1 - - [26/May/2020:00:30:50 +0000] "GET /api/user/login-test HTTP/1.0" 304 - "http://localhost:3000/first" "Mozilla/5.0 (Windows NT 10.0; WOW64) AppleWebKit/537.36 (KHTML, like Gecko) Chrome/79.0.3945.130 Safari/537.36"
::ffff:127.0.0.1 - - [26/May/2020:00:49:42 +0000] "GET /api/user/login-test HTTP/1.0" 304 - "http://localhost:3000/fifth" "Mozilla/5.0 (Windows NT 10.0; WOW64) AppleWebKit/537.36 (KHTML, like Gecko) Chrome/79.0.3945.130 Safari/537.36"
::1 - - [26/May/2020:00:49:43 +0000] "POST /api/info/queryInfo HTTP/1.0" 200 304 "http://localhost:3000/first" "Mozilla/5.0 (Windows NT 10.0; WOW64) AppleWebKit/537.36 (KHTML, like Gecko) Chrome/79.0.3945.130 Safari/537.36"
::ffff:127.0.0.1 - - [26/May/2020:00:49:45 +0000] "GET /api/user/login-test HTTP/1.0" 304 - "http://localhost:3000/first" "Mozilla/5.0 (Windows NT 10.0; WOW64) AppleWebKit/537.36 (KHTML, like Gecko) Chrome/79.0.3945.130 Safari/537.36"
::1 - - [26/May/2020:00:49:47 +0000] "GET /api/user/login-test HTTP/1.0" 304 - "http://localhost:3000/admin" "Mozilla/5.0 (Windows NT 10.0; WOW64) AppleWebKit/537.36 (KHTML, like Gecko) Chrome/79.0.3945.130 Safari/537.36"
::ffff:127.0.0.1 - - [26/May/2020:00:50:13 +0000] "GET /api/user/login-test HTTP/1.0" 304 - "http://localhost:3000/adsecond" "Mozilla/5.0 (Windows NT 10.0; WOW64) AppleWebKit/537.36 (KHTML, like Gecko) Chrome/79.0.3945.130 Safari/537.36"
::1 - - [26/May/2020:00:55:34 +0000] "GET /api/user/login-test HTTP/1.0" 304 - "http://localhost:3000/adsecond" "Mozilla/5.0 (Windows NT 10.0; WOW64) AppleWebKit/537.36 (KHTML, like Gecko) Chrome/79.0.3945.130 Safari/537.36"
::ffff:127.0.0.1 - - [26/May/2020:01:01:52 +0000] "GET /api/user/login-test HTTP/1.0" 304 - "http://localhost:3000/adsecond" "Mozilla/5.0 (Windows NT 10.0; WOW64) AppleWebKit/537.36 (KHTML, like Gecko) Chrome/79.0.3945.130 Safari/537.36"
::1 - - [26/May/2020:01:02:31 +0000] "GET /api/user/login-test HTTP/1.0" 304 - "http://localhost:3000/adsecond" "Mozilla/5.0 (Windows NT 10.0; WOW64) AppleWebKit/537.36 (KHTML, like Gecko) Chrome/79.0.3945.130 Safari/537.36"
::ffff:127.0.0.1 - - [26/May/2020:01:06:05 +0000] "GET /api/user/login-test HTTP/1.0" 304 - "http://localhost:3000/adsecond" "Mozilla/5.0 (Windows NT 10.0; WOW64) AppleWebKit/537.36 (KHTML, like Gecko) Chrome/79.0.3945.130 Safari/537.36"
::1 - - [26/May/2020:01:11:28 +0000] "GET /api/user/login-test HTTP/1.0" 304 - "http://localhost:3000/adsecond" "Mozilla/5.0 (Windows NT 10.0; WOW64) AppleWebKit/537.36 (KHTML, like Gecko) Chrome/79.0.3945.130 Safari/537.36"
::ffff:127.0.0.1 - - [26/May/2020:01:13:22 +0000] "GET /api/user/login-test HTTP/1.0" 304 - "http://localhost:3000/adsecond" "Mozilla/5.0 (Windows NT 10.0; WOW64) AppleWebKit/537.36 (KHTML, like Gecko) Chrome/79.0.3945.130 Safari/537.36"
::1 - - [26/May/2020:02:50:06 +0000] "GET /api/user/login-test HTTP/1.0" 304 - "http://localhost:3000/adsecond" "Mozilla/5.0 (Windows NT 10.0; WOW64) AppleWebKit/537.36 (KHTML, like Gecko) Chrome/79.0.3945.130 Safari/537.36"
::ffff:127.0.0.1 - - [26/May/2020:02:53:33 +0000] "GET /api/user/login-test HTTP/1.0" 304 - "http://localhost:3000/adsecond" "Mozilla/5.0 (Windows NT 10.0; WOW64) AppleWebKit/537.36 (KHTML, like Gecko) Chrome/79.0.3945.130 Safari/537.36"
::1 - - [26/May/2020:03:08:58 +0000] "GET /api/user/login-test HTTP/1.0" 304 - "http://localhost:3000/adsecond" "Mozilla/5.0 (Windows NT 10.0; WOW64) AppleWebKit/537.36 (KHTML, like Gecko) Chrome/79.0.3945.130 Safari/537.36"
::ffff:127.0.0.1 - - [26/May/2020:03:10:32 +0000] "GET /api/user/login-test HTTP/1.0" 304 - "http://localhost:3000/adsecond" "Mozilla/5.0 (Windows NT 10.0; WOW64) AppleWebKit/537.36 (KHTML, like Gecko) Chrome/79.0.3945.130 Safari/537.36"
::1 - - [27/May/2020:04:23:36 +0000] "GET /api/user/login-test HTTP/1.0" 200 30 "http://localhost:3000/login" "Mozilla/5.0 (Windows NT 10.0; WOW64) AppleWebKit/537.36 (KHTML, like Gecko) Chrome/83.0.4103.61 Safari/537.36"
::ffff:127.0.0.1 - - [27/May/2020:04:23:43 +0000] "POST /api/user/login HTTP/1.0" 200 50 "http://localhost:3000/login" "Mozilla/5.0 (Windows NT 10.0; WOW64) AppleWebKit/537.36 (KHTML, like Gecko) Chrome/83.0.4103.61 Safari/537.36"
::1 - - [27/May/2020:04:23:43 +0000] "GET /api/user/login-test HTTP/1.0" 200 29 "http://localhost:3000/login" "Mozilla/5.0 (Windows NT 10.0; WOW64) AppleWebKit/537.36 (KHTML, like Gecko) Chrome/83.0.4103.61 Safari/537.36"
::ffff:127.0.0.1 - - [27/May/2020:04:23:44 +0000] "POST /api/info/queryInfo HTTP/1.0" 200 166 "http://localhost:3000/first" "Mozilla/5.0 (Windows NT 10.0; WOW64) AppleWebKit/537.36 (KHTML, like Gecko) Chrome/83.0.4103.61 Safari/537.36"
::1 - - [27/May/2020:04:23:46 +0000] "GET /api/user/login-test HTTP/1.0" 304 - "http://localhost:3000/first" "Mozilla/5.0 (Windows NT 10.0; WOW64) AppleWebKit/537.36 (KHTML, like Gecko) Chrome/83.0.4103.61 Safari/537.36"
>>>>>>> a45392d3a04cff14cb3eee2760cabfe1080cc526
::1 - - [27/May/2020:12:36:30 +0000] "GET /api/user/login-test HTTP/1.0" 304 - "http://localhost:3000/login" "Mozilla/5.0 (Windows NT 10.0; Win64; x64) AppleWebKit/537.36 (KHTML, like Gecko) Chrome/80.0.3987.163 Safari/537.36"
::ffff:127.0.0.1 - - [27/May/2020:12:36:30 +0000] "GET /api/user/login-test HTTP/1.0" 304 - "http://localhost:3000/login" "Mozilla/5.0 (Windows NT 10.0; Win64; x64) AppleWebKit/537.36 (KHTML, like Gecko) Chrome/80.0.3987.163 Safari/537.36"
::1 - - [27/May/2020:12:36:32 +0000] "POST /api/info/queryInfo HTTP/1.0" 200 165 "http://localhost:3000/first" "Mozilla/5.0 (Windows NT 10.0; Win64; x64) AppleWebKit/537.36 (KHTML, like Gecko) Chrome/80.0.3987.163 Safari/537.36"
::ffff:127.0.0.1 - - [27/May/2020:12:36:36 +0000] "GET /api/user/login-test HTTP/1.0" 304 - "http://localhost:3000/first" "Mozilla/5.0 (Windows NT 10.0; Win64; x64) AppleWebKit/537.36 (KHTML, like Gecko) Chrome/80.0.3987.163 Safari/537.36"
::1 - - [27/May/2020:17:08:25 +0000] "GET /api/user/login-test HTTP/1.0" 304 - "http://localhost:3000/login" "Mozilla/5.0 (Windows NT 10.0; Win64; x64) AppleWebKit/537.36 (KHTML, like Gecko) Chrome/80.0.3987.163 Safari/537.36"
::ffff:127.0.0.1 - - [27/May/2020:17:08:25 +0000] "GET /api/user/login-test HTTP/1.0" 304 - "http://localhost:3000/login" "Mozilla/5.0 (Windows NT 10.0; Win64; x64) AppleWebKit/537.36 (KHTML, like Gecko) Chrome/80.0.3987.163 Safari/537.36"
::1 - - [27/May/2020:17:08:28 +0000] "POST /api/info/queryInfo HTTP/1.0" 200 165 "http://localhost:3000/first" "Mozilla/5.0 (Windows NT 10.0; Win64; x64) AppleWebKit/537.36 (KHTML, like Gecko) Chrome/80.0.3987.163 Safari/537.36"
::ffff:127.0.0.1 - - [27/May/2020:17:08:28 +0000] "GET /api/user/login-test HTTP/1.0" 304 - "http://localhost:3000/first" "Mozilla/5.0 (Windows NT 10.0; Win64; x64) AppleWebKit/537.36 (KHTML, like Gecko) Chrome/80.0.3987.163 Safari/537.36"
::1 - - [27/May/2020:17:09:14 +0000] "POST /api/green/insertGreenChannelhj HTTP/1.0" 200 11 "http://localhost:3000/fifth" "Mozilla/5.0 (Windows NT 10.0; Win64; x64) AppleWebKit/537.36 (KHTML, like Gecko) Chrome/80.0.3987.163 Safari/537.36"
::ffff:127.0.0.1 - - [27/May/2020:17:10:18 +0000] "POST /api/green/insertGreenChanneldk HTTP/1.0" 200 11 "http://localhost:3000/fifth" "Mozilla/5.0 (Windows NT 10.0; Win64; x64) AppleWebKit/537.36 (KHTML, like Gecko) Chrome/80.0.3987.163 Safari/537.36"
::1 - - [27/May/2020:17:11:29 +0000] "POST /api/green/insertGreenChanneldk HTTP/1.0" 200 11 "http://localhost:3000/fifth" "Mozilla/5.0 (Windows NT 10.0; Win64; x64) AppleWebKit/537.36 (KHTML, like Gecko) Chrome/80.0.3987.163 Safari/537.36"
::ffff:127.0.0.1 - - [27/May/2020:17:12:31 +0000] "POST /api/green/insertGreenChanneldk HTTP/1.0" 200 11 "http://localhost:3000/fifth" "Mozilla/5.0 (Windows NT 10.0; Win64; x64) AppleWebKit/537.36 (KHTML, like Gecko) Chrome/80.0.3987.163 Safari/537.36"
::1 - - [27/May/2020:17:13:47 +0000] "POST /api/green/insertGreenChanneldk HTTP/1.0" 200 11 "http://localhost:3000/fifth" "Mozilla/5.0 (Windows NT 10.0; Win64; x64) AppleWebKit/537.36 (KHTML, like Gecko) Chrome/80.0.3987.163 Safari/537.36"
::ffff:127.0.0.1 - - [27/May/2020:17:14:40 +0000] "POST /api/green/insertGreenChanneldk HTTP/1.0" 200 11 "http://localhost:3000/fifth" "Mozilla/5.0 (Windows NT 10.0; Win64; x64) AppleWebKit/537.36 (KHTML, like Gecko) Chrome/80.0.3987.163 Safari/537.36"
::1 - - [27/May/2020:17:14:52 +0000] "GET /api/user/login-test HTTP/1.0" 304 - "http://localhost:3000/fifth" "Mozilla/5.0 (Windows NT 10.0; Win64; x64) AppleWebKit/537.36 (KHTML, like Gecko) Chrome/80.0.3987.163 Safari/537.36"
::ffff:127.0.0.1 - - [27/May/2020:17:14:52 +0000] "POST /api/info/queryInfo HTTP/1.0" 200 105 "http://localhost:3000/first" "Mozilla/5.0 (Windows NT 10.0; Win64; x64) AppleWebKit/537.36 (KHTML, like Gecko) Chrome/80.0.3987.163 Safari/537.36"
::1 - - [27/May/2020:17:14:54 +0000] "GET /api/user/login-test HTTP/1.0" 304 - "http://localhost:3000/first" "Mozilla/5.0 (Windows NT 10.0; Win64; x64) AppleWebKit/537.36 (KHTML, like Gecko) Chrome/80.0.3987.163 Safari/537.36"
::ffff:127.0.0.1 - - [27/May/2020:17:14:57 +0000] "GET /api/user/login-test HTTP/1.0" 304 - "http://localhost:3000/admin" "Mozilla/5.0 (Windows NT 10.0; Win64; x64) AppleWebKit/537.36 (KHTML, like Gecko) Chrome/80.0.3987.163 Safari/537.36"
::1 - - [27/May/2020:17:16:29 +0000] "GET /api/user/login-test HTTP/1.0" 304 - "http://localhost:3000/adsecond" "Mozilla/5.0 (Windows NT 10.0; Win64; x64) AppleWebKit/537.36 (KHTML, like Gecko) Chrome/80.0.3987.163 Safari/537.36"
::ffff:127.0.0.1 - - [27/May/2020:17:16:29 +0000] "POST /api/person/selectInfoFinish HTTP/1.0" 200 494 "http://localhost:3000/adfirst" "Mozilla/5.0 (Windows NT 10.0; Win64; x64) AppleWebKit/537.36 (KHTML, like Gecko) Chrome/80.0.3987.163 Safari/537.36"
::1 - - [27/May/2020:17:16:34 +0000] "GET /api/user/login-test HTTP/1.0" 304 - "http://localhost:3000/adfirst" "Mozilla/5.0 (Windows NT 10.0; Win64; x64) AppleWebKit/537.36 (KHTML, like Gecko) Chrome/80.0.3987.163 Safari/537.36"
::ffff:127.0.0.1 - - [27/May/2020:17:16:46 +0000] "GET /api/user/login-test HTTP/1.0" 304 - "http://localhost:3000/adfourth" "Mozilla/5.0 (Windows NT 10.0; Win64; x64) AppleWebKit/537.36 (KHTML, like Gecko) Chrome/80.0.3987.163 Safari/537.36"
::1 - - [27/May/2020:17:16:51 +0000] "GET /api/user/login-test HTTP/1.0" 304 - "http://localhost:3000/adthird" "Mozilla/5.0 (Windows NT 10.0; Win64; x64) AppleWebKit/537.36 (KHTML, like Gecko) Chrome/80.0.3987.163 Safari/537.36"
::ffff:127.0.0.1 - - [27/May/2020:17:20:57 +0000] "GET /api/user/login-test HTTP/1.0" 304 - "http://localhost:3000/adsecond" "Mozilla/5.0 (Windows NT 10.0; Win64; x64) AppleWebKit/537.36 (KHTML, like Gecko) Chrome/80.0.3987.163 Safari/537.36"
::1 - - [27/May/2020:17:26:22 +0000] "GET /api/user/login-test HTTP/1.0" 304 - "http://localhost:3000/adsecond" "Mozilla/5.0 (Windows NT 10.0; Win64; x64) AppleWebKit/537.36 (KHTML, like Gecko) Chrome/80.0.3987.163 Safari/537.36"
::ffff:127.0.0.1 - - [27/May/2020:17:28:22 +0000] "GET /api/user/login-test HTTP/1.0" 304 - "http://localhost:3000/adsecond" "Mozilla/5.0 (Windows NT 10.0; Win64; x64) AppleWebKit/537.36 (KHTML, like Gecko) Chrome/80.0.3987.163 Safari/537.36"
<<<<<<< HEAD
::1 - - [27/May/2020:17:32:16 +0000] "GET /api/user/login-test HTTP/1.0" 304 - "http://localhost:3000/adsecond" "Mozilla/5.0 (Windows NT 10.0; Win64; x64) AppleWebKit/537.36 (KHTML, like Gecko) Chrome/80.0.3987.163 Safari/537.36"
::ffff:127.0.0.1 - - [27/May/2020:17:32:33 +0000] "POST /api/green/queryGreenInfo HTTP/1.0" 200 2852 "http://localhost:3000/adsecond" "Mozilla/5.0 (Windows NT 10.0; Win64; x64) AppleWebKit/537.36 (KHTML, like Gecko) Chrome/80.0.3987.163 Safari/537.36"
::1 - - [27/May/2020:17:33:01 +0000] "POST /api/green/queryGreenInfo HTTP/1.0" 200 2852 "http://localhost:3000/adsecond" "Mozilla/5.0 (Windows NT 10.0; Win64; x64) AppleWebKit/537.36 (KHTML, like Gecko) Chrome/80.0.3987.163 Safari/537.36"
::ffff:127.0.0.1 - - [27/May/2020:17:33:39 +0000] "GET /api/user/login-test HTTP/1.0" 304 - "http://localhost:3000/adsecond" "Mozilla/5.0 (Windows NT 10.0; Win64; x64) AppleWebKit/537.36 (KHTML, like Gecko) Chrome/80.0.3987.163 Safari/537.36"
::1 - - [27/May/2020:17:33:39 +0000] "POST /api/green/queryGreenInfo HTTP/1.0" 200 2396 "http://localhost:3000/adsecond" "Mozilla/5.0 (Windows NT 10.0; Win64; x64) AppleWebKit/537.36 (KHTML, like Gecko) Chrome/80.0.3987.163 Safari/537.36"
=======
::1 - - [30/May/2020:00:53:53 +0000] "GET /api/user/login-test HTTP/1.0" 200 30 "http://localhost:3000/login" "Mozilla/5.0 (Windows NT 10.0; WOW64) AppleWebKit/537.36 (KHTML, like Gecko) Chrome/79.0.3945.130 Safari/537.36"
::ffff:127.0.0.1 - - [30/May/2020:00:53:59 +0000] "POST /api/user/login HTTP/1.0" 200 53 "http://localhost:3000/login" "Mozilla/5.0 (Windows NT 10.0; WOW64) AppleWebKit/537.36 (KHTML, like Gecko) Chrome/79.0.3945.130 Safari/537.36"
::1 - - [30/May/2020:00:53:59 +0000] "GET /api/user/login-test HTTP/1.0" 200 29 "http://localhost:3000/login" "Mozilla/5.0 (Windows NT 10.0; WOW64) AppleWebKit/537.36 (KHTML, like Gecko) Chrome/79.0.3945.130 Safari/537.36"
::ffff:127.0.0.1 - - [30/May/2020:00:53:59 +0000] "POST /api/info/queryInfo HTTP/1.0" 200 304 "http://localhost:3000/first" "Mozilla/5.0 (Windows NT 10.0; WOW64) AppleWebKit/537.36 (KHTML, like Gecko) Chrome/79.0.3945.130 Safari/537.36"
::1 - - [30/May/2020:00:54:08 +0000] "GET /api/user/login-test HTTP/1.0" 304 - "http://localhost:3000/first" "Mozilla/5.0 (Windows NT 10.0; WOW64) AppleWebKit/537.36 (KHTML, like Gecko) Chrome/79.0.3945.130 Safari/537.36"
::ffff:127.0.0.1 - - [30/May/2020:00:54:08 +0000] "POST /api/notice/queryNotice HTTP/1.0" 200 269 "http://localhost:3000/second" "Mozilla/5.0 (Windows NT 10.0; WOW64) AppleWebKit/537.36 (KHTML, like Gecko) Chrome/79.0.3945.130 Safari/537.36"
::1 - - [30/May/2020:00:54:08 +0000] "POST /api/notice/queryAllNotice HTTP/1.0" 200 232 "http://localhost:3000/second" "Mozilla/5.0 (Windows NT 10.0; WOW64) AppleWebKit/537.36 (KHTML, like Gecko) Chrome/79.0.3945.130 Safari/537.36"
::ffff:127.0.0.1 - - [30/May/2020:00:58:54 +0000] "GET /api/user/login-test HTTP/1.0" 304 - "http://localhost:3000/second" "Mozilla/5.0 (Windows NT 10.0; WOW64) AppleWebKit/537.36 (KHTML, like Gecko) Chrome/79.0.3945.130 Safari/537.36"
::1 - - [30/May/2020:00:58:54 +0000] "POST /api/notice/queryNotice HTTP/1.0" 200 269 "http://localhost:3000/second" "Mozilla/5.0 (Windows NT 10.0; WOW64) AppleWebKit/537.36 (KHTML, like Gecko) Chrome/79.0.3945.130 Safari/537.36"
::ffff:127.0.0.1 - - [30/May/2020:00:58:54 +0000] "POST /api/notice/queryAllNotice HTTP/1.0" 200 232 "http://localhost:3000/second" "Mozilla/5.0 (Windows NT 10.0; WOW64) AppleWebKit/537.36 (KHTML, like Gecko) Chrome/79.0.3945.130 Safari/537.36"
::1 - - [30/May/2020:00:59:07 +0000] "GET /api/user/logout HTTP/1.0" 302 23 "http://localhost:3000/second" "Mozilla/5.0 (Windows NT 10.0; WOW64) AppleWebKit/537.36 (KHTML, like Gecko) Chrome/79.0.3945.130 Safari/537.36"
::ffff:127.0.0.1 - - [30/May/2020:00:59:07 +0000] "GET /api/user/login-test HTTP/1.0" 200 30 "http://localhost:3000/login" "Mozilla/5.0 (Windows NT 10.0; WOW64) AppleWebKit/537.36 (KHTML, like Gecko) Chrome/79.0.3945.130 Safari/537.36"
::1 - - [30/May/2020:01:03:53 +0000] "GET /api/user/login-test HTTP/1.0" 304 - "http://localhost:3000/login" "Mozilla/5.0 (Windows NT 10.0; WOW64) AppleWebKit/537.36 (KHTML, like Gecko) Chrome/79.0.3945.130 Safari/537.36"
::ffff:127.0.0.1 - - [30/May/2020:01:08:18 +0000] "GET /api/user/login-test HTTP/1.0" 304 - "http://localhost:3000/login" "Mozilla/5.0 (Windows NT 10.0; WOW64) AppleWebKit/537.36 (KHTML, like Gecko) Chrome/79.0.3945.130 Safari/537.36"
::1 - - [30/May/2020:01:09:51 +0000] "GET /api/user/login-test HTTP/1.0" 304 - "http://localhost:3000/login" "Mozilla/5.0 (Windows NT 10.0; WOW64) AppleWebKit/537.36 (KHTML, like Gecko) Chrome/79.0.3945.130 Safari/537.36"
::ffff:127.0.0.1 - - [30/May/2020:01:09:57 +0000] "GET /api/user/login-test HTTP/1.0" 304 - "http://localhost:3000/login" "Mozilla/5.0 (Windows NT 10.0; WOW64) AppleWebKit/537.36 (KHTML, like Gecko) Chrome/79.0.3945.130 Safari/537.36"
::1 - - [30/May/2020:01:11:53 +0000] "GET /api/user/login-test HTTP/1.0" 304 - "http://localhost:3000/login" "Mozilla/5.0 (Windows NT 10.0; WOW64) AppleWebKit/537.36 (KHTML, like Gecko) Chrome/79.0.3945.130 Safari/537.36"
::ffff:127.0.0.1 - - [30/May/2020:01:13:03 +0000] "GET /api/user/login-test HTTP/1.0" 304 - "http://localhost:3000/login" "Mozilla/5.0 (Windows NT 10.0; WOW64) AppleWebKit/537.36 (KHTML, like Gecko) Chrome/79.0.3945.130 Safari/537.36"
::1 - - [30/May/2020:01:20:29 +0000] "GET /api/user/login-test HTTP/1.0" 304 - "http://localhost:3000/login" "Mozilla/5.0 (Windows NT 10.0; WOW64) AppleWebKit/537.36 (KHTML, like Gecko) Chrome/79.0.3945.130 Safari/537.36"
::ffff:127.0.0.1 - - [30/May/2020:01:22:04 +0000] "POST /api/user/login HTTP/1.0" 200 34 "http://localhost:3000/login" "Mozilla/5.0 (Windows NT 10.0; WOW64) AppleWebKit/537.36 (KHTML, like Gecko) Chrome/79.0.3945.130 Safari/537.36"
::1 - - [30/May/2020:01:23:26 +0000] "GET /api/user/login-test HTTP/1.0" 304 - "http://localhost:3000/login" "Mozilla/5.0 (Windows NT 10.0; WOW64) AppleWebKit/537.36 (KHTML, like Gecko) Chrome/79.0.3945.130 Safari/537.36"
::ffff:127.0.0.1 - - [30/May/2020:01:26:17 +0000] "GET /api/user/login-test HTTP/1.0" 304 - "http://localhost:3000/login" "Mozilla/5.0 (Windows NT 10.0; WOW64) AppleWebKit/537.36 (KHTML, like Gecko) Chrome/79.0.3945.130 Safari/537.36"
::1 - - [30/May/2020:01:29:38 +0000] "GET /api/user/login-test HTTP/1.0" 304 - "http://localhost:3000/login" "Mozilla/5.0 (Windows NT 10.0; WOW64) AppleWebKit/537.36 (KHTML, like Gecko) Chrome/79.0.3945.130 Safari/537.36"
::ffff:127.0.0.1 - - [30/May/2020:01:29:45 +0000] "GET /api/user/login-test HTTP/1.0" 304 - "http://localhost:3000/login" "Mozilla/5.0 (Windows NT 10.0; WOW64) AppleWebKit/537.36 (KHTML, like Gecko) Chrome/79.0.3945.130 Safari/537.36"
::1 - - [30/May/2020:01:30:47 +0000] "GET /api/user/login-test HTTP/1.0" 304 - "http://localhost:3000/login" "Mozilla/5.0 (Windows NT 10.0; WOW64) AppleWebKit/537.36 (KHTML, like Gecko) Chrome/79.0.3945.130 Safari/537.36"
::ffff:127.0.0.1 - - [30/May/2020:01:30:53 +0000] "GET /api/user/login-test HTTP/1.0" 304 - "http://localhost:3000/login" "Mozilla/5.0 (Windows NT 10.0; WOW64) AppleWebKit/537.36 (KHTML, like Gecko) Chrome/79.0.3945.130 Safari/537.36"
::1 - - [30/May/2020:01:32:01 +0000] "POST /api/user/login HTTP/1.0" 200 53 "http://localhost:3000/login" "Mozilla/5.0 (Windows NT 10.0; WOW64) AppleWebKit/537.36 (KHTML, like Gecko) Chrome/79.0.3945.130 Safari/537.36"
::ffff:127.0.0.1 - - [30/May/2020:01:32:01 +0000] "GET /api/user/login-test HTTP/1.0" 200 29 "http://localhost:3000/login" "Mozilla/5.0 (Windows NT 10.0; WOW64) AppleWebKit/537.36 (KHTML, like Gecko) Chrome/79.0.3945.130 Safari/537.36"
::1 - - [30/May/2020:01:32:02 +0000] "POST /api/info/queryInfo HTTP/1.0" 200 304 "http://localhost:3000/first" "Mozilla/5.0 (Windows NT 10.0; WOW64) AppleWebKit/537.36 (KHTML, like Gecko) Chrome/79.0.3945.130 Safari/537.36"
::ffff:127.0.0.1 - - [30/May/2020:01:32:04 +0000] "GET /api/user/login-test HTTP/1.0" 304 - "http://localhost:3000/first" "Mozilla/5.0 (Windows NT 10.0; WOW64) AppleWebKit/537.36 (KHTML, like Gecko) Chrome/79.0.3945.130 Safari/537.36"
::1 - - [30/May/2020:01:32:04 +0000] "POST /api/notice/queryNotice HTTP/1.0" 200 269 "http://localhost:3000/second" "Mozilla/5.0 (Windows NT 10.0; WOW64) AppleWebKit/537.36 (KHTML, like Gecko) Chrome/79.0.3945.130 Safari/537.36"
::ffff:127.0.0.1 - - [30/May/2020:01:32:04 +0000] "POST /api/notice/queryAllNotice HTTP/1.0" 200 232 "http://localhost:3000/second" "Mozilla/5.0 (Windows NT 10.0; WOW64) AppleWebKit/537.36 (KHTML, like Gecko) Chrome/79.0.3945.130 Safari/537.36"
>>>>>>> 0b667e4a78032fdfd9564deb32670e8e620bb163
::ffff:127.0.0.1 - - [30/May/2020:09:21:40 +0000] "GET /api/user/logout HTTP/1.0" 302 23 "http://localhost:3000/login" "Mozilla/5.0 (Windows NT 10.0; Win64; x64) AppleWebKit/537.36 (KHTML, like Gecko) Chrome/80.0.3987.163 Safari/537.36"
::1 - - [30/May/2020:09:21:40 +0000] "GET /api/user/login-test HTTP/1.0" 304 - "http://localhost:3000/login" "Mozilla/5.0 (Windows NT 10.0; Win64; x64) AppleWebKit/537.36 (KHTML, like Gecko) Chrome/80.0.3987.163 Safari/537.36"
::ffff:127.0.0.1 - - [30/May/2020:09:21:40 +0000] "GET /api/user/login-test HTTP/1.0" 200 30 "http://localhost:3000/login" "Mozilla/5.0 (Windows NT 10.0; Win64; x64) AppleWebKit/537.36 (KHTML, like Gecko) Chrome/80.0.3987.163 Safari/537.36"
::1 - - [30/May/2020:09:21:48 +0000] "GET /api/user/login-test HTTP/1.0" 304 - "http://localhost:3000/login" "Mozilla/5.0 (Windows NT 10.0; Win64; x64) AppleWebKit/537.36 (KHTML, like Gecko) Chrome/80.0.3987.163 Safari/537.36"
::ffff:127.0.0.1 - - [30/May/2020:09:22:58 +0000] "GET /api/user/login-test HTTP/1.0" 304 - "http://localhost:3000/login" "Mozilla/5.0 (Windows NT 10.0; Win64; x64) AppleWebKit/537.36 (KHTML, like Gecko) Chrome/80.0.3987.163 Safari/537.36"
::1 - - [30/May/2020:09:23:05 +0000] "GET /api/user/login-test HTTP/1.0" 304 - "http://localhost:3000/login" "Mozilla/5.0 (Windows NT 10.0; Win64; x64) AppleWebKit/537.36 (KHTML, like Gecko) Chrome/80.0.3987.163 Safari/537.36"
::ffff:127.0.0.1 - - [30/May/2020:09:23:11 +0000] "POST /api/user/login HTTP/1.0" 200 82 "http://localhost:3000/login" "Mozilla/5.0 (Windows NT 10.0; Win64; x64) AppleWebKit/537.36 (KHTML, like Gecko) Chrome/80.0.3987.163 Safari/537.36"
::1 - - [30/May/2020:09:23:11 +0000] "GET /api/user/login-test HTTP/1.0" 200 29 "http://localhost:3000/login" "Mozilla/5.0 (Windows NT 10.0; Win64; x64) AppleWebKit/537.36 (KHTML, like Gecko) Chrome/80.0.3987.163 Safari/537.36"
::ffff:127.0.0.1 - - [30/May/2020:09:23:12 +0000] "POST /api/info/queryInfo HTTP/1.0" 200 105 "http://localhost:3000/first" "Mozilla/5.0 (Windows NT 10.0; Win64; x64) AppleWebKit/537.36 (KHTML, like Gecko) Chrome/80.0.3987.163 Safari/537.36"
::1 - - [30/May/2020:09:23:21 +0000] "GET /api/user/logout HTTP/1.0" 302 23 "http://localhost:3000/login" "Mozilla/5.0 (Windows NT 10.0; Win64; x64) AppleWebKit/537.36 (KHTML, like Gecko) Chrome/80.0.3987.163 Safari/537.36"
::ffff:127.0.0.1 - - [30/May/2020:09:23:21 +0000] "GET /api/user/login-test HTTP/1.0" 200 30 "http://localhost:3000/login" "Mozilla/5.0 (Windows NT 10.0; Win64; x64) AppleWebKit/537.36 (KHTML, like Gecko) Chrome/80.0.3987.163 Safari/537.36"
::1 - - [30/May/2020:09:23:49 +0000] "GET /api/user/login-test HTTP/1.0" 304 - "http://localhost:3000/login" "Mozilla/5.0 (Windows NT 10.0; Win64; x64) AppleWebKit/537.36 (KHTML, like Gecko) Chrome/80.0.3987.163 Safari/537.36"
::ffff:127.0.0.1 - - [30/May/2020:09:24:28 +0000] "POST /api/user/login HTTP/1.0" 200 82 "http://localhost:3000/login" "Mozilla/5.0 (Windows NT 10.0; Win64; x64) AppleWebKit/537.36 (KHTML, like Gecko) Chrome/80.0.3987.163 Safari/537.36"
::1 - - [30/May/2020:09:24:28 +0000] "GET /api/user/login-test HTTP/1.0" 200 29 "http://localhost:3000/login" "Mozilla/5.0 (Windows NT 10.0; Win64; x64) AppleWebKit/537.36 (KHTML, like Gecko) Chrome/80.0.3987.163 Safari/537.36"
::ffff:127.0.0.1 - - [30/May/2020:09:24:28 +0000] "POST /api/info/queryInfo HTTP/1.0" 200 105 "http://localhost:3000/first" "Mozilla/5.0 (Windows NT 10.0; Win64; x64) AppleWebKit/537.36 (KHTML, like Gecko) Chrome/80.0.3987.163 Safari/537.36"
::1 - - [30/May/2020:09:24:33 +0000] "GET /api/user/login-test HTTP/1.0" 304 - "http://localhost:3000/first" "Mozilla/5.0 (Windows NT 10.0; Win64; x64) AppleWebKit/537.36 (KHTML, like Gecko) Chrome/80.0.3987.163 Safari/537.36"
::ffff:127.0.0.1 - - [30/May/2020:09:24:33 +0000] "POST /api/info/queryInfo HTTP/1.0" 200 105 "http://localhost:3000/first" "Mozilla/5.0 (Windows NT 10.0; Win64; x64) AppleWebKit/537.36 (KHTML, like Gecko) Chrome/80.0.3987.163 Safari/537.36"
::1 - - [30/May/2020:09:24:35 +0000] "GET /api/user/login-test HTTP/1.0" 304 - "http://localhost:3000/first" "Mozilla/5.0 (Windows NT 10.0; Win64; x64) AppleWebKit/537.36 (KHTML, like Gecko) Chrome/80.0.3987.163 Safari/537.36"
::ffff:127.0.0.1 - - [30/May/2020:09:24:35 +0000] "POST /api/info/queryInfo HTTP/1.0" 200 105 "http://localhost:3000/first" "Mozilla/5.0 (Windows NT 10.0; Win64; x64) AppleWebKit/537.36 (KHTML, like Gecko) Chrome/80.0.3987.163 Safari/537.36"
::1 - - [30/May/2020:09:24:36 +0000] "GET /api/user/login-test HTTP/1.0" 304 - "http://localhost:3000/first" "Mozilla/5.0 (Windows NT 10.0; Win64; x64) AppleWebKit/537.36 (KHTML, like Gecko) Chrome/80.0.3987.163 Safari/537.36"
::ffff:127.0.0.1 - - [30/May/2020:09:24:37 +0000] "POST /api/info/queryInfo HTTP/1.0" 200 105 "http://localhost:3000/first" "Mozilla/5.0 (Windows NT 10.0; Win64; x64) AppleWebKit/537.36 (KHTML, like Gecko) Chrome/80.0.3987.163 Safari/537.36"
::1 - - [30/May/2020:09:24:41 +0000] "GET /api/user/logout HTTP/1.0" 302 23 "http://localhost:3000/first" "Mozilla/5.0 (Windows NT 10.0; Win64; x64) AppleWebKit/537.36 (KHTML, like Gecko) Chrome/80.0.3987.163 Safari/537.36"
::ffff:127.0.0.1 - - [30/May/2020:09:24:41 +0000] "GET /api/user/login-test HTTP/1.0" 200 30 "http://localhost:3000/login" "Mozilla/5.0 (Windows NT 10.0; Win64; x64) AppleWebKit/537.36 (KHTML, like Gecko) Chrome/80.0.3987.163 Safari/537.36"
::1 - - [30/May/2020:09:46:30 +0000] "GET /api/user/login-test HTTP/1.0" 304 - "http://localhost:3000/login" "Mozilla/5.0 (Windows NT 10.0; Win64; x64) AppleWebKit/537.36 (KHTML, like Gecko) Chrome/80.0.3987.163 Safari/537.36"
::ffff:127.0.0.1 - - [30/May/2020:09:46:44 +0000] "GET /api/user/login-test HTTP/1.0" 304 - "http://localhost:3000/login" "Mozilla/5.0 (Windows NT 10.0; Win64; x64) AppleWebKit/537.36 (KHTML, like Gecko) Chrome/80.0.3987.163 Safari/537.36"
::1 - - [30/May/2020:09:46:51 +0000] "POST /api/user/login HTTP/1.0" 500 1279 "http://localhost:3000/login" "Mozilla/5.0 (Windows NT 10.0; Win64; x64) AppleWebKit/537.36 (KHTML, like Gecko) Chrome/80.0.3987.163 Safari/537.36"
::ffff:127.0.0.1 - - [30/May/2020:09:51:10 +0000] "GET /api/user/login-test HTTP/1.0" 304 - "http://localhost:3000/login" "Mozilla/5.0 (Windows NT 10.0; Win64; x64) AppleWebKit/537.36 (KHTML, like Gecko) Chrome/80.0.3987.163 Safari/537.36"
::1 - - [30/May/2020:09:51:16 +0000] "POST /api/user/login HTTP/1.0" 200 83 "http://localhost:3000/login" "Mozilla/5.0 (Windows NT 10.0; Win64; x64) AppleWebKit/537.36 (KHTML, like Gecko) Chrome/80.0.3987.163 Safari/537.36"
::ffff:127.0.0.1 - - [30/May/2020:09:51:16 +0000] "GET /api/user/login-test HTTP/1.0" 200 27 "http://localhost:3000/login" "Mozilla/5.0 (Windows NT 10.0; Win64; x64) AppleWebKit/537.36 (KHTML, like Gecko) Chrome/80.0.3987.163 Safari/537.36"
::1 - - [30/May/2020:09:51:16 +0000] "POST /api/info/queryInfo HTTP/1.0" 200 105 "http://localhost:3000/first" "Mozilla/5.0 (Windows NT 10.0; Win64; x64) AppleWebKit/537.36 (KHTML, like Gecko) Chrome/80.0.3987.163 Safari/537.36"
::ffff:127.0.0.1 - - [30/May/2020:09:51:25 +0000] "GET /api/user/logout HTTP/1.0" 302 23 "http://localhost:3000/login" "Mozilla/5.0 (Windows NT 10.0; Win64; x64) AppleWebKit/537.36 (KHTML, like Gecko) Chrome/80.0.3987.163 Safari/537.36"
::1 - - [30/May/2020:09:51:25 +0000] "GET /api/user/login-test HTTP/1.0" 304 - "http://localhost:3000/login" "Mozilla/5.0 (Windows NT 10.0; Win64; x64) AppleWebKit/537.36 (KHTML, like Gecko) Chrome/80.0.3987.163 Safari/537.36"
::ffff:127.0.0.1 - - [30/May/2020:09:51:25 +0000] "GET /api/user/login-test HTTP/1.0" 200 30 "http://localhost:3000/login" "Mozilla/5.0 (Windows NT 10.0; Win64; x64) AppleWebKit/537.36 (KHTML, like Gecko) Chrome/80.0.3987.163 Safari/537.36"
::1 - - [30/May/2020:09:51:32 +0000] "POST /api/user/login HTTP/1.0" 200 34 "http://localhost:3000/login" "Mozilla/5.0 (Windows NT 10.0; Win64; x64) AppleWebKit/537.36 (KHTML, like Gecko) Chrome/80.0.3987.163 Safari/537.36"
::ffff:127.0.0.1 - - [30/May/2020:09:51:37 +0000] "POST /api/user/login HTTP/1.0" 500 1268 "http://localhost:3000/login" "Mozilla/5.0 (Windows NT 10.0; Win64; x64) AppleWebKit/537.36 (KHTML, like Gecko) Chrome/80.0.3987.163 Safari/537.36"
::1 - - [30/May/2020:09:51:59 +0000] "POST /api/user/login HTTP/1.0" 200 34 "http://localhost:3000/login" "Mozilla/5.0 (Windows NT 10.0; Win64; x64) AppleWebKit/537.36 (KHTML, like Gecko) Chrome/80.0.3987.163 Safari/537.36"
::ffff:127.0.0.1 - - [30/May/2020:09:52:04 +0000] "POST /api/user/login HTTP/1.0" 200 34 "http://localhost:3000/login" "Mozilla/5.0 (Windows NT 10.0; Win64; x64) AppleWebKit/537.36 (KHTML, like Gecko) Chrome/80.0.3987.163 Safari/537.36"
::1 - - [30/May/2020:09:53:58 +0000] "GET /api/user/login-test HTTP/1.0" 304 - "http://localhost:3000/login" "Mozilla/5.0 (Windows NT 10.0; Win64; x64) AppleWebKit/537.36 (KHTML, like Gecko) Chrome/80.0.3987.163 Safari/537.36"
::ffff:127.0.0.1 - - [30/May/2020:09:55:25 +0000] "GET /api/user/login-test HTTP/1.0" 304 - "http://localhost:3000/login" "Mozilla/5.0 (Windows NT 10.0; Win64; x64) AppleWebKit/537.36 (KHTML, like Gecko) Chrome/80.0.3987.163 Safari/537.36"
::1 - - [30/May/2020:09:55:36 +0000] "POST /api/user/login HTTP/1.0" 200 34 "http://localhost:3000/login" "Mozilla/5.0 (Windows NT 10.0; Win64; x64) AppleWebKit/537.36 (KHTML, like Gecko) Chrome/80.0.3987.163 Safari/537.36"
::ffff:127.0.0.1 - - [30/May/2020:09:55:41 +0000] "POST /api/user/login HTTP/1.0" 200 34 "http://localhost:3000/login" "Mozilla/5.0 (Windows NT 10.0; Win64; x64) AppleWebKit/537.36 (KHTML, like Gecko) Chrome/80.0.3987.163 Safari/537.36"
::1 - - [30/May/2020:09:56:59 +0000] "POST /api/user/login HTTP/1.0" 200 82 "http://localhost:3000/login" "Mozilla/5.0 (Windows NT 10.0; Win64; x64) AppleWebKit/537.36 (KHTML, like Gecko) Chrome/80.0.3987.163 Safari/537.36"
::ffff:127.0.0.1 - - [30/May/2020:09:56:59 +0000] "GET /api/user/login-test HTTP/1.0" 200 27 "http://localhost:3000/login" "Mozilla/5.0 (Windows NT 10.0; Win64; x64) AppleWebKit/537.36 (KHTML, like Gecko) Chrome/80.0.3987.163 Safari/537.36"
::1 - - [30/May/2020:09:57:08 +0000] "GET /api/user/login-test HTTP/1.0" 304 - "http://localhost:3000/admin" "Mozilla/5.0 (Windows NT 10.0; Win64; x64) AppleWebKit/537.36 (KHTML, like Gecko) Chrome/80.0.3987.163 Safari/537.36"
::ffff:127.0.0.1 - - [30/May/2020:09:57:08 +0000] "POST /api/person/selectInfoFinish HTTP/1.0" 200 494 "http://localhost:3000/adfirst" "Mozilla/5.0 (Windows NT 10.0; Win64; x64) AppleWebKit/537.36 (KHTML, like Gecko) Chrome/80.0.3987.163 Safari/537.36"
::1 - - [30/May/2020:09:57:10 +0000] "GET /api/user/login-test HTTP/1.0" 304 - "http://localhost:3000/adfirst" "Mozilla/5.0 (Windows NT 10.0; Win64; x64) AppleWebKit/537.36 (KHTML, like Gecko) Chrome/80.0.3987.163 Safari/537.36"
::ffff:127.0.0.1 - - [30/May/2020:09:57:10 +0000] "POST /api/person/selectInfoFinish HTTP/1.0" 200 494 "http://localhost:3000/adfirst" "Mozilla/5.0 (Windows NT 10.0; Win64; x64) AppleWebKit/537.36 (KHTML, like Gecko) Chrome/80.0.3987.163 Safari/537.36"
::1 - - [30/May/2020:09:57:54 +0000] "GET /api/user/logout HTTP/1.0" 302 23 "http://localhost:3000/adfirst" "Mozilla/5.0 (Windows NT 10.0; Win64; x64) AppleWebKit/537.36 (KHTML, like Gecko) Chrome/80.0.3987.163 Safari/537.36"
::ffff:127.0.0.1 - - [30/May/2020:09:57:54 +0000] "GET /api/user/login-test HTTP/1.0" 200 30 "http://localhost:3000/login" "Mozilla/5.0 (Windows NT 10.0; Win64; x64) AppleWebKit/537.36 (KHTML, like Gecko) Chrome/80.0.3987.163 Safari/537.36"
::1 - - [30/May/2020:09:58:03 +0000] "GET /api/user/login-test HTTP/1.0" 304 - "http://localhost:3000/admin" "Mozilla/5.0 (Windows NT 10.0; Win64; x64) AppleWebKit/537.36 (KHTML, like Gecko) Chrome/80.0.3987.163 Safari/537.36"
::ffff:127.0.0.1 - - [30/May/2020:09:58:03 +0000] "GET /api/user/login-test HTTP/1.0" 304 - "http://localhost:3000/login" "Mozilla/5.0 (Windows NT 10.0; Win64; x64) AppleWebKit/537.36 (KHTML, like Gecko) Chrome/80.0.3987.163 Safari/537.36"
::1 - - [30/May/2020:09:58:07 +0000] "GET /api/user/login-test HTTP/1.0" 304 - "http://localhost:3000/adfirst" "Mozilla/5.0 (Windows NT 10.0; Win64; x64) AppleWebKit/537.36 (KHTML, like Gecko) Chrome/80.0.3987.163 Safari/537.36"
::ffff:127.0.0.1 - - [30/May/2020:09:58:07 +0000] "GET /api/user/login-test HTTP/1.0" 304 - "http://localhost:3000/login" "Mozilla/5.0 (Windows NT 10.0; Win64; x64) AppleWebKit/537.36 (KHTML, like Gecko) Chrome/80.0.3987.163 Safari/537.36"
::1 - - [30/May/2020:09:58:16 +0000] "POST /api/user/login HTTP/1.0" 200 82 "http://localhost:3000/login" "Mozilla/5.0 (Windows NT 10.0; Win64; x64) AppleWebKit/537.36 (KHTML, like Gecko) Chrome/80.0.3987.163 Safari/537.36"
::ffff:127.0.0.1 - - [30/May/2020:09:58:16 +0000] "GET /api/user/login-test HTTP/1.0" 200 27 "http://localhost:3000/login" "Mozilla/5.0 (Windows NT 10.0; Win64; x64) AppleWebKit/537.36 (KHTML, like Gecko) Chrome/80.0.3987.163 Safari/537.36"
::1 - - [30/May/2020:09:58:23 +0000] "GET /api/user/login-test HTTP/1.0" 304 - "http://localhost:3000/login" "Mozilla/5.0 (Windows NT 10.0; Win64; x64) AppleWebKit/537.36 (KHTML, like Gecko) Chrome/80.0.3987.163 Safari/537.36"
::ffff:127.0.0.1 - - [30/May/2020:09:58:24 +0000] "GET /api/user/login-test HTTP/1.0" 304 - "http://localhost:3000/login" "Mozilla/5.0 (Windows NT 10.0; Win64; x64) AppleWebKit/537.36 (KHTML, like Gecko) Chrome/80.0.3987.163 Safari/537.36"
::1 - - [30/May/2020:09:58:24 +0000] "POST /api/info/queryInfo HTTP/1.0" 200 105 "http://localhost:3000/first" "Mozilla/5.0 (Windows NT 10.0; Win64; x64) AppleWebKit/537.36 (KHTML, like Gecko) Chrome/80.0.3987.163 Safari/537.36"
::ffff:127.0.0.1 - - [30/May/2020:09:59:31 +0000] "GET /api/user/login-test HTTP/1.0" 304 - "http://localhost:3000/login" "Mozilla/5.0 (Windows NT 10.0; Win64; x64) AppleWebKit/537.36 (KHTML, like Gecko) Chrome/80.0.3987.163 Safari/537.36"
::1 - - [30/May/2020:09:59:31 +0000] "GET /api/user/login-test HTTP/1.0" 304 - "http://localhost:3000/login" "Mozilla/5.0 (Windows NT 10.0; Win64; x64) AppleWebKit/537.36 (KHTML, like Gecko) Chrome/80.0.3987.163 Safari/537.36"
::ffff:127.0.0.1 - - [30/May/2020:09:59:31 +0000] "POST /api/info/queryInfo HTTP/1.0" 200 105 "http://localhost:3000/first" "Mozilla/5.0 (Windows NT 10.0; Win64; x64) AppleWebKit/537.36 (KHTML, like Gecko) Chrome/80.0.3987.163 Safari/537.36"
::1 - - [30/May/2020:10:03:24 +0000] "GET /api/user/logout HTTP/1.0" 302 23 "http://localhost:3000/login" "Mozilla/5.0 (Windows NT 10.0; Win64; x64) AppleWebKit/537.36 (KHTML, like Gecko) Chrome/80.0.3987.163 Safari/537.36"
::ffff:127.0.0.1 - - [30/May/2020:10:03:24 +0000] "GET /api/user/login-test HTTP/1.0" 304 - "http://localhost:3000/login" "Mozilla/5.0 (Windows NT 10.0; Win64; x64) AppleWebKit/537.36 (KHTML, like Gecko) Chrome/80.0.3987.163 Safari/537.36"
::1 - - [30/May/2020:10:03:24 +0000] "GET /api/user/login-test HTTP/1.0" 200 30 "http://localhost:3000/login" "Mozilla/5.0 (Windows NT 10.0; Win64; x64) AppleWebKit/537.36 (KHTML, like Gecko) Chrome/80.0.3987.163 Safari/537.36"
::ffff:127.0.0.1 - - [30/May/2020:10:03:32 +0000] "POST /api/user/login HTTP/1.0" 200 82 "http://localhost:3000/login" "Mozilla/5.0 (Windows NT 10.0; Win64; x64) AppleWebKit/537.36 (KHTML, like Gecko) Chrome/80.0.3987.163 Safari/537.36"
::1 - - [30/May/2020:10:03:32 +0000] "GET /api/user/login-test HTTP/1.0" 200 27 "http://localhost:3000/login" "Mozilla/5.0 (Windows NT 10.0; Win64; x64) AppleWebKit/537.36 (KHTML, like Gecko) Chrome/80.0.3987.163 Safari/537.36"
::ffff:127.0.0.1 - - [30/May/2020:10:03:39 +0000] "GET /api/user/login-test HTTP/1.0" 304 - "http://localhost:3000/login" "Mozilla/5.0 (Windows NT 10.0; Win64; x64) AppleWebKit/537.36 (KHTML, like Gecko) Chrome/80.0.3987.163 Safari/537.36"
::1 - - [30/May/2020:10:03:39 +0000] "GET /api/user/login-test HTTP/1.0" 304 - "http://localhost:3000/login" "Mozilla/5.0 (Windows NT 10.0; Win64; x64) AppleWebKit/537.36 (KHTML, like Gecko) Chrome/80.0.3987.163 Safari/537.36"
::ffff:127.0.0.1 - - [30/May/2020:10:03:39 +0000] "POST /api/info/queryInfo HTTP/1.0" 200 105 "http://localhost:3000/first" "Mozilla/5.0 (Windows NT 10.0; Win64; x64) AppleWebKit/537.36 (KHTML, like Gecko) Chrome/80.0.3987.163 Safari/537.36"
::1 - - [30/May/2020:10:06:29 +0000] "GET /api/user/logout HTTP/1.0" 302 23 "http://localhost:3000/login" "Mozilla/5.0 (Windows NT 10.0; Win64; x64) AppleWebKit/537.36 (KHTML, like Gecko) Chrome/80.0.3987.163 Safari/537.36"
::ffff:127.0.0.1 - - [30/May/2020:10:06:29 +0000] "GET /api/user/login-test HTTP/1.0" 304 - "http://localhost:3000/login" "Mozilla/5.0 (Windows NT 10.0; Win64; x64) AppleWebKit/537.36 (KHTML, like Gecko) Chrome/80.0.3987.163 Safari/537.36"
::1 - - [30/May/2020:10:06:29 +0000] "GET /api/user/login-test HTTP/1.0" 200 30 "http://localhost:3000/login" "Mozilla/5.0 (Windows NT 10.0; Win64; x64) AppleWebKit/537.36 (KHTML, like Gecko) Chrome/80.0.3987.163 Safari/537.36"
::ffff:127.0.0.1 - - [30/May/2020:10:06:57 +0000] "POST /api/user/login HTTP/1.0" 200 82 "http://localhost:3000/login" "Mozilla/5.0 (Windows NT 10.0; Win64; x64) AppleWebKit/537.36 (KHTML, like Gecko) Chrome/80.0.3987.163 Safari/537.36"
::1 - - [30/May/2020:10:06:57 +0000] "GET /api/user/login-test HTTP/1.0" 200 27 "http://localhost:3000/login" "Mozilla/5.0 (Windows NT 10.0; Win64; x64) AppleWebKit/537.36 (KHTML, like Gecko) Chrome/80.0.3987.163 Safari/537.36"
::ffff:127.0.0.1 - - [30/May/2020:10:10:19 +0000] "GET /api/user/logout HTTP/1.0" 302 23 "http://localhost:3000/login" "Mozilla/5.0 (Windows NT 10.0; Win64; x64) AppleWebKit/537.36 (KHTML, like Gecko) Chrome/80.0.3987.163 Safari/537.36"
::1 - - [30/May/2020:10:10:19 +0000] "GET /api/user/login-test HTTP/1.0" 304 - "http://localhost:3000/login" "Mozilla/5.0 (Windows NT 10.0; Win64; x64) AppleWebKit/537.36 (KHTML, like Gecko) Chrome/80.0.3987.163 Safari/537.36"
::ffff:127.0.0.1 - - [30/May/2020:10:10:19 +0000] "GET /api/user/login-test HTTP/1.0" 200 30 "http://localhost:3000/login" "Mozilla/5.0 (Windows NT 10.0; Win64; x64) AppleWebKit/537.36 (KHTML, like Gecko) Chrome/80.0.3987.163 Safari/537.36"
::1 - - [30/May/2020:10:10:25 +0000] "POST /api/user/login HTTP/1.0" 200 82 "http://localhost:3000/login" "Mozilla/5.0 (Windows NT 10.0; Win64; x64) AppleWebKit/537.36 (KHTML, like Gecko) Chrome/80.0.3987.163 Safari/537.36"
::ffff:127.0.0.1 - - [30/May/2020:10:10:25 +0000] "GET /api/user/login-test HTTP/1.0" 200 25 "http://localhost:3000/login" "Mozilla/5.0 (Windows NT 10.0; Win64; x64) AppleWebKit/537.36 (KHTML, like Gecko) Chrome/80.0.3987.163 Safari/537.36"
::1 - - [30/May/2020:10:10:45 +0000] "GET /api/user/login-test HTTP/1.0" 304 - "http://localhost:3000/login" "Mozilla/5.0 (Windows NT 10.0; Win64; x64) AppleWebKit/537.36 (KHTML, like Gecko) Chrome/80.0.3987.163 Safari/537.36"
::ffff:127.0.0.1 - - [30/May/2020:10:10:45 +0000] "GET /api/user/login-test HTTP/1.0" 304 - "http://localhost:3000/login" "Mozilla/5.0 (Windows NT 10.0; Win64; x64) AppleWebKit/537.36 (KHTML, like Gecko) Chrome/80.0.3987.163 Safari/537.36"
::1 - - [30/May/2020:10:10:45 +0000] "POST /api/info/queryInfo HTTP/1.0" 200 105 "http://localhost:3000/first" "Mozilla/5.0 (Windows NT 10.0; Win64; x64) AppleWebKit/537.36 (KHTML, like Gecko) Chrome/80.0.3987.163 Safari/537.36"
::ffff:127.0.0.1 - - [30/May/2020:10:11:27 +0000] "GET /api/user/logout HTTP/1.0" 302 23 "http://localhost:3000/login" "Mozilla/5.0 (Windows NT 10.0; Win64; x64) AppleWebKit/537.36 (KHTML, like Gecko) Chrome/80.0.3987.163 Safari/537.36"
::1 - - [30/May/2020:10:11:27 +0000] "GET /api/user/login-test HTTP/1.0" 200 30 "http://localhost:3000/login" "Mozilla/5.0 (Windows NT 10.0; Win64; x64) AppleWebKit/537.36 (KHTML, like Gecko) Chrome/80.0.3987.163 Safari/537.36"
::ffff:127.0.0.1 - - [30/May/2020:10:11:34 +0000] "POST /api/user/login HTTP/1.0" 200 82 "http://localhost:3000/login" "Mozilla/5.0 (Windows NT 10.0; Win64; x64) AppleWebKit/537.36 (KHTML, like Gecko) Chrome/80.0.3987.163 Safari/537.36"
::1 - - [30/May/2020:10:11:34 +0000] "GET /api/user/login-test HTTP/1.0" 200 25 "http://localhost:3000/login" "Mozilla/5.0 (Windows NT 10.0; Win64; x64) AppleWebKit/537.36 (KHTML, like Gecko) Chrome/80.0.3987.163 Safari/537.36"
::ffff:127.0.0.1 - - [30/May/2020:10:11:40 +0000] "GET /api/user/login-test HTTP/1.0" 304 - "http://localhost:3000/login" "Mozilla/5.0 (Windows NT 10.0; Win64; x64) AppleWebKit/537.36 (KHTML, like Gecko) Chrome/80.0.3987.163 Safari/537.36"
::1 - - [30/May/2020:10:11:50 +0000] "GET /api/user/login-test HTTP/1.0" 304 - "http://localhost:3000/login" "Mozilla/5.0 (Windows NT 10.0; Win64; x64) AppleWebKit/537.36 (KHTML, like Gecko) Chrome/80.0.3987.163 Safari/537.36"
::ffff:127.0.0.1 - - [30/May/2020:10:12:10 +0000] "GET /api/user/login-test HTTP/1.0" 304 - "http://localhost:3000/login" "Mozilla/5.0 (Windows NT 10.0; Win64; x64) AppleWebKit/537.36 (KHTML, like Gecko) Chrome/80.0.3987.163 Safari/537.36"
::1 - - [30/May/2020:10:12:10 +0000] "GET /api/user/login-test HTTP/1.0" 304 - "http://localhost:3000/login" "Mozilla/5.0 (Windows NT 10.0; Win64; x64) AppleWebKit/537.36 (KHTML, like Gecko) Chrome/80.0.3987.163 Safari/537.36"
::ffff:127.0.0.1 - - [30/May/2020:10:12:19 +0000] "GET /api/user/login-test HTTP/1.0" 304 - "http://localhost:3000/login" "Mozilla/5.0 (Windows NT 10.0; Win64; x64) AppleWebKit/537.36 (KHTML, like Gecko) Chrome/80.0.3987.163 Safari/537.36"
::1 - - [30/May/2020:10:12:19 +0000] "GET /api/user/login-test HTTP/1.0" 304 - "http://localhost:3000/login" "Mozilla/5.0 (Windows NT 10.0; Win64; x64) AppleWebKit/537.36 (KHTML, like Gecko) Chrome/80.0.3987.163 Safari/537.36"
::ffff:127.0.0.1 - - [30/May/2020:10:12:27 +0000] "GET /api/user/login-test HTTP/1.0" 304 - "http://localhost:3000/admin" "Mozilla/5.0 (Windows NT 10.0; Win64; x64) AppleWebKit/537.36 (KHTML, like Gecko) Chrome/80.0.3987.163 Safari/537.36"
