::1 - - [30/May/2020:10:12:27 +0000] "POST /api/person/selectInfoFinish HTTP/1.0" 200 494 "http://localhost:3000/adfirst" "Mozilla/5.0 (Windows NT 10.0; Win64; x64) AppleWebKit/537.36 (KHTML, like Gecko) Chrome/80.0.3987.163 Safari/537.36"
::ffff:127.0.0.1 - - [30/May/2020:10:12:30 +0000] "GET /api/user/login-test HTTP/1.0" 304 - "http://localhost:3000/adfirst" "Mozilla/5.0 (Windows NT 10.0; Win64; x64) AppleWebKit/537.36 (KHTML, like Gecko) Chrome/80.0.3987.163 Safari/537.36"
::1 - - [30/May/2020:11:18:52 +0000] "GET /api/user/login-test HTTP/1.0" 304 - "http://localhost:3000/adfourth" "Mozilla/5.0 (Windows NT 10.0; Win64; x64) AppleWebKit/537.36 (KHTML, like Gecko) Chrome/80.0.3987.163 Safari/537.36"
::ffff:127.0.0.1 - - [30/May/2020:11:30:07 +0000] "GET /api/user/login-test HTTP/1.0" 304 - "http://localhost:3000/adfourth" "Mozilla/5.0 (Windows NT 10.0; Win64; x64) AppleWebKit/537.36 (KHTML, like Gecko) Chrome/80.0.3987.163 Safari/537.36"
::1 - - [30/May/2020:11:30:10 +0000] "GET /api/user/login-test HTTP/1.0" 304 - "http://localhost:3000/adthird" "Mozilla/5.0 (Windows NT 10.0; Win64; x64) AppleWebKit/537.36 (KHTML, like Gecko) Chrome/80.0.3987.163 Safari/537.36"
::ffff:127.0.0.1 - - [30/May/2020:11:33:52 +0000] "GET /api/user/login-test HTTP/1.0" 304 - "http://localhost:3000/adfourth" "Mozilla/5.0 (Windows NT 10.0; Win64; x64) AppleWebKit/537.36 (KHTML, like Gecko) Chrome/80.0.3987.163 Safari/537.36"
::1 - - [30/May/2020:11:33:54 +0000] "GET /api/user/login-test HTTP/1.0" 304 - "http://localhost:3000/adthird" "Mozilla/5.0 (Windows NT 10.0; Win64; x64) AppleWebKit/537.36 (KHTML, like Gecko) Chrome/80.0.3987.163 Safari/537.36"
::ffff:127.0.0.1 - - [30/May/2020:11:36:17 +0000] "GET /api/user/login-test HTTP/1.0" 304 - "http://localhost:3000/adfourth" "Mozilla/5.0 (Windows NT 10.0; Win64; x64) AppleWebKit/537.36 (KHTML, like Gecko) Chrome/80.0.3987.163 Safari/537.36"
::1 - - [30/May/2020:11:36:18 +0000] "GET /api/user/login-test HTTP/1.0" 304 - "http://localhost:3000/adthird" "Mozilla/5.0 (Windows NT 10.0; Win64; x64) AppleWebKit/537.36 (KHTML, like Gecko) Chrome/80.0.3987.163 Safari/537.36"
::ffff:127.0.0.1 - - [30/May/2020:11:37:56 +0000] "GET /api/user/login-test HTTP/1.0" 304 - "http://localhost:3000/adfourth" "Mozilla/5.0 (Windows NT 10.0; Win64; x64) AppleWebKit/537.36 (KHTML, like Gecko) Chrome/80.0.3987.163 Safari/537.36"
::1 - - [30/May/2020:11:37:57 +0000] "GET /api/user/login-test HTTP/1.0" 304 - "http://localhost:3000/adthird" "Mozilla/5.0 (Windows NT 10.0; Win64; x64) AppleWebKit/537.36 (KHTML, like Gecko) Chrome/80.0.3987.163 Safari/537.36"
::ffff:127.0.0.1 - - [30/May/2020:11:38:37 +0000] "GET /api/user/login-test HTTP/1.0" 304 - "http://localhost:3000/adfourth" "Mozilla/5.0 (Windows NT 10.0; Win64; x64) AppleWebKit/537.36 (KHTML, like Gecko) Chrome/80.0.3987.163 Safari/537.36"
::1 - - [30/May/2020:11:38:46 +0000] "GET /api/user/login-test HTTP/1.0" 304 - "http://localhost:3000/adfourth" "Mozilla/5.0 (Windows NT 10.0; Win64; x64) AppleWebKit/537.36 (KHTML, like Gecko) Chrome/80.0.3987.163 Safari/537.36"
::ffff:127.0.0.1 - - [30/May/2020:11:38:47 +0000] "GET /api/user/login-test HTTP/1.0" 304 - "http://localhost:3000/adthird" "Mozilla/5.0 (Windows NT 10.0; Win64; x64) AppleWebKit/537.36 (KHTML, like Gecko) Chrome/80.0.3987.163 Safari/537.36"
::1 - - [30/May/2020:11:39:04 +0000] "GET /api/user/login-test HTTP/1.0" 304 - "http://localhost:3000/adfourth" "Mozilla/5.0 (Windows NT 10.0; Win64; x64) AppleWebKit/537.36 (KHTML, like Gecko) Chrome/80.0.3987.163 Safari/537.36"
::ffff:127.0.0.1 - - [30/May/2020:11:40:20 +0000] "GET /api/user/login-test HTTP/1.0" 304 - "http://localhost:3000/adfourth" "Mozilla/5.0 (Windows NT 10.0; Win64; x64) AppleWebKit/537.36 (KHTML, like Gecko) Chrome/80.0.3987.163 Safari/537.36"
::1 - - [30/May/2020:11:40:24 +0000] "GET /api/user/login-test HTTP/1.0" 304 - "http://localhost:3000/adthird" "Mozilla/5.0 (Windows NT 10.0; Win64; x64) AppleWebKit/537.36 (KHTML, like Gecko) Chrome/80.0.3987.163 Safari/537.36"
::ffff:127.0.0.1 - - [30/May/2020:11:57:23 +0000] "POST /api/person/insertPerson HTTP/1.0" 200 11 "http://localhost:3000/adfourth" "Mozilla/5.0 (Windows NT 10.0; Win64; x64) AppleWebKit/537.36 (KHTML, like Gecko) Chrome/80.0.3987.163 Safari/537.36"
::1 - - [30/May/2020:11:57:23 +0000] "POST /api/user/insertUser HTTP/1.0" 200 11 "http://localhost:3000/adfourth" "Mozilla/5.0 (Windows NT 10.0; Win64; x64) AppleWebKit/537.36 (KHTML, like Gecko) Chrome/80.0.3987.163 Safari/537.36"
::ffff:127.0.0.1 - - [30/May/2020:11:58:25 +0000] "POST /api/person/insertPerson HTTP/1.0" 200 11 "http://localhost:3000/adfourth" "Mozilla/5.0 (Windows NT 10.0; Win64; x64) AppleWebKit/537.36 (KHTML, like Gecko) Chrome/80.0.3987.163 Safari/537.36"
::1 - - [30/May/2020:11:58:25 +0000] "POST /api/user/insertUser HTTP/1.0" 200 11 "http://localhost:3000/adfourth" "Mozilla/5.0 (Windows NT 10.0; Win64; x64) AppleWebKit/537.36 (KHTML, like Gecko) Chrome/80.0.3987.163 Safari/537.36"
::ffff:127.0.0.1 - - [30/May/2020:11:58:25 +0000] "POST /api/pay/insertCharge HTTP/1.0" 200 11 "http://localhost:3000/adfourth" "Mozilla/5.0 (Windows NT 10.0; Win64; x64) AppleWebKit/537.36 (KHTML, like Gecko) Chrome/80.0.3987.163 Safari/537.36"
::1 - - [30/May/2020:11:58:25 +0000] "POST /api/check/insertCheckin HTTP/1.0" 500 1291 "http://localhost:3000/adfourth" "Mozilla/5.0 (Windows NT 10.0; Win64; x64) AppleWebKit/537.36 (KHTML, like Gecko) Chrome/80.0.3987.163 Safari/537.36"
::ffff:127.0.0.1 - - [30/May/2020:11:59:08 +0000] "GET /api/user/login-test HTTP/1.0" 304 - "http://localhost:3000/adfourth" "Mozilla/5.0 (Windows NT 10.0; Win64; x64) AppleWebKit/537.36 (KHTML, like Gecko) Chrome/80.0.3987.163 Safari/537.36"
::1 - - [30/May/2020:11:59:34 +0000] "POST /api/person/insertPerson HTTP/1.0" 200 11 "http://localhost:3000/adfourth" "Mozilla/5.0 (Windows NT 10.0; Win64; x64) AppleWebKit/537.36 (KHTML, like Gecko) Chrome/80.0.3987.163 Safari/537.36"
::ffff:127.0.0.1 - - [30/May/2020:11:59:34 +0000] "POST /api/user/insertUser HTTP/1.0" 200 11 "http://localhost:3000/adfourth" "Mozilla/5.0 (Windows NT 10.0; Win64; x64) AppleWebKit/537.36 (KHTML, like Gecko) Chrome/80.0.3987.163 Safari/537.36"
::1 - - [30/May/2020:11:59:34 +0000] "POST /api/pay/insertCharge HTTP/1.0" 200 11 "http://localhost:3000/adfourth" "Mozilla/5.0 (Windows NT 10.0; Win64; x64) AppleWebKit/537.36 (KHTML, like Gecko) Chrome/80.0.3987.163 Safari/537.36"
::ffff:127.0.0.1 - - [30/May/2020:11:59:34 +0000] "POST /api/check/insertCheckin HTTP/1.0" 200 11 "http://localhost:3000/adfourth" "Mozilla/5.0 (Windows NT 10.0; Win64; x64) AppleWebKit/537.36 (KHTML, like Gecko) Chrome/80.0.3987.163 Safari/537.36"
::1 - - [30/May/2020:12:03:37 +0000] "GET /api/user/login-test HTTP/1.0" 304 - "http://localhost:3000/adfourth" "Mozilla/5.0 (Windows NT 10.0; Win64; x64) AppleWebKit/537.36 (KHTML, like Gecko) Chrome/80.0.3987.163 Safari/537.36"
::ffff:127.0.0.1 - - [30/May/2020:12:03:38 +0000] "GET /api/user/login-test HTTP/1.0" 304 - "http://localhost:3000/adthird" "Mozilla/5.0 (Windows NT 10.0; Win64; x64) AppleWebKit/537.36 (KHTML, like Gecko) Chrome/80.0.3987.163 Safari/537.36"
::1 - - [30/May/2020:12:03:55 +0000] "POST /api/person/insertPerson HTTP/1.0" 200 11 "http://localhost:3000/adfourth" "Mozilla/5.0 (Windows NT 10.0; Win64; x64) AppleWebKit/537.36 (KHTML, like Gecko) Chrome/80.0.3987.163 Safari/537.36"
::ffff:127.0.0.1 - - [30/May/2020:12:03:55 +0000] "POST /api/user/insertUser HTTP/1.0" 200 11 "http://localhost:3000/adfourth" "Mozilla/5.0 (Windows NT 10.0; Win64; x64) AppleWebKit/537.36 (KHTML, like Gecko) Chrome/80.0.3987.163 Safari/537.36"
::1 - - [30/May/2020:12:03:55 +0000] "POST /api/pay/insertCharge HTTP/1.0" 200 11 "http://localhost:3000/adfourth" "Mozilla/5.0 (Windows NT 10.0; Win64; x64) AppleWebKit/537.36 (KHTML, like Gecko) Chrome/80.0.3987.163 Safari/537.36"
::ffff:127.0.0.1 - - [30/May/2020:12:03:55 +0000] "POST /api/check/insertCheckin HTTP/1.0" 200 11 "http://localhost:3000/adfourth" "Mozilla/5.0 (Windows NT 10.0; Win64; x64) AppleWebKit/537.36 (KHTML, like Gecko) Chrome/80.0.3987.163 Safari/537.36"
::1 - - [30/May/2020:12:05:57 +0000] "GET /api/user/login-test HTTP/1.0" 304 - "http://localhost:3000/adfourth" "Mozilla/5.0 (Windows NT 10.0; Win64; x64) AppleWebKit/537.36 (KHTML, like Gecko) Chrome/80.0.3987.163 Safari/537.36"
::ffff:127.0.0.1 - - [30/May/2020:12:06:10 +0000] "POST /api/person/insertPerson HTTP/1.0" 200 11 "http://localhost:3000/adfourth" "Mozilla/5.0 (Windows NT 10.0; Win64; x64) AppleWebKit/537.36 (KHTML, like Gecko) Chrome/80.0.3987.163 Safari/537.36"
::1 - - [30/May/2020:12:06:10 +0000] "POST /api/user/insertUser HTTP/1.0" 200 11 "http://localhost:3000/adfourth" "Mozilla/5.0 (Windows NT 10.0; Win64; x64) AppleWebKit/537.36 (KHTML, like Gecko) Chrome/80.0.3987.163 Safari/537.36"
::1 - - [30/May/2020:12:06:10 +0000] "POST /api/check/insertCheckin HTTP/1.0" 200 11 "http://localhost:3000/adfourth" "Mozilla/5.0 (Windows NT 10.0; Win64; x64) AppleWebKit/537.36 (KHTML, like Gecko) Chrome/80.0.3987.163 Safari/537.36"
::ffff:127.0.0.1 - - [30/May/2020:12:06:10 +0000] "POST /api/pay/insertCharge HTTP/1.0" 200 11 "http://localhost:3000/adfourth" "Mozilla/5.0 (Windows NT 10.0; Win64; x64) AppleWebKit/537.36 (KHTML, like Gecko) Chrome/80.0.3987.163 Safari/537.36"
::ffff:127.0.0.1 - - [30/May/2020:12:06:48 +0000] "GET /api/user/login-test HTTP/1.0" 304 - "http://localhost:3000/adfourth" "Mozilla/5.0 (Windows NT 10.0; Win64; x64) AppleWebKit/537.36 (KHTML, like Gecko) Chrome/80.0.3987.163 Safari/537.36"
::1 - - [30/May/2020:12:07:19 +0000] "POST /api/person/insertPerson HTTP/1.0" 200 11 "http://localhost:3000/adfourth" "Mozilla/5.0 (Windows NT 10.0; Win64; x64) AppleWebKit/537.36 (KHTML, like Gecko) Chrome/80.0.3987.163 Safari/537.36"
::ffff:127.0.0.1 - - [30/May/2020:12:07:20 +0000] "POST /api/user/insertUser HTTP/1.0" 200 11 "http://localhost:3000/adfourth" "Mozilla/5.0 (Windows NT 10.0; Win64; x64) AppleWebKit/537.36 (KHTML, like Gecko) Chrome/80.0.3987.163 Safari/537.36"
::1 - - [30/May/2020:12:07:20 +0000] "POST /api/pay/insertCharge HTTP/1.0" 200 11 "http://localhost:3000/adfourth" "Mozilla/5.0 (Windows NT 10.0; Win64; x64) AppleWebKit/537.36 (KHTML, like Gecko) Chrome/80.0.3987.163 Safari/537.36"
::ffff:127.0.0.1 - - [30/May/2020:12:07:20 +0000] "POST /api/check/insertCheckin HTTP/1.0" 200 11 "http://localhost:3000/adfourth" "Mozilla/5.0 (Windows NT 10.0; Win64; x64) AppleWebKit/537.36 (KHTML, like Gecko) Chrome/80.0.3987.163 Safari/537.36"
::1 - - [30/May/2020:12:07:35 +0000] "POST /api/person/insertPerson HTTP/1.0" 200 11 "http://localhost:3000/adfourth" "Mozilla/5.0 (Windows NT 10.0; Win64; x64) AppleWebKit/537.36 (KHTML, like Gecko) Chrome/80.0.3987.163 Safari/537.36"
::ffff:127.0.0.1 - - [30/May/2020:12:07:35 +0000] "POST /api/user/insertUser HTTP/1.0" 200 11 "http://localhost:3000/adfourth" "Mozilla/5.0 (Windows NT 10.0; Win64; x64) AppleWebKit/537.36 (KHTML, like Gecko) Chrome/80.0.3987.163 Safari/537.36"
::1 - - [30/May/2020:12:07:35 +0000] "POST /api/pay/insertCharge HTTP/1.0" 200 11 "http://localhost:3000/adfourth" "Mozilla/5.0 (Windows NT 10.0; Win64; x64) AppleWebKit/537.36 (KHTML, like Gecko) Chrome/80.0.3987.163 Safari/537.36"
::ffff:127.0.0.1 - - [30/May/2020:12:07:35 +0000] "POST /api/check/insertCheckin HTTP/1.0" 200 11 "http://localhost:3000/adfourth" "Mozilla/5.0 (Windows NT 10.0; Win64; x64) AppleWebKit/537.36 (KHTML, like Gecko) Chrome/80.0.3987.163 Safari/537.36"
::1 - - [30/May/2020:12:26:17 +0000] "GET /api/user/login-test HTTP/1.0" 304 - "http://localhost:3000/adfourth" "Mozilla/5.0 (Windows NT 10.0; Win64; x64) AppleWebKit/537.36 (KHTML, like Gecko) Chrome/80.0.3987.163 Safari/537.36"
::ffff:127.0.0.1 - - [30/May/2020:12:41:15 +0000] "GET /api/user/login-test HTTP/1.0" 304 - "http://localhost:3000/adfourth" "Mozilla/5.0 (Windows NT 10.0; Win64; x64) AppleWebKit/537.36 (KHTML, like Gecko) Chrome/80.0.3987.163 Safari/537.36"
::1 - - [30/May/2020:12:41:16 +0000] "POST /api/person/selectInfoFinish HTTP/1.0" 200 494 "http://localhost:3000/adfirst" "Mozilla/5.0 (Windows NT 10.0; Win64; x64) AppleWebKit/537.36 (KHTML, like Gecko) Chrome/80.0.3987.163 Safari/537.36"
::ffff:127.0.0.1 - - [30/May/2020:12:47:17 +0000] "GET /api/user/login-test HTTP/1.0" 304 - "http://localhost:3000/adfirst" "Mozilla/5.0 (Windows NT 10.0; Win64; x64) AppleWebKit/537.36 (KHTML, like Gecko) Chrome/80.0.3987.163 Safari/537.36"
::1 - - [30/May/2020:12:47:17 +0000] "POST /api/person/selectStudentInfo HTTP/1.0" 200 850 "http://localhost:3000/adfourth" "Mozilla/5.0 (Windows NT 10.0; Win64; x64) AppleWebKit/537.36 (KHTML, like Gecko) Chrome/80.0.3987.163 Safari/537.36"
::ffff:127.0.0.1 - - [30/May/2020:12:47:59 +0000] "POST /api/person/selectStudentInfo HTTP/1.0" 200 850 "http://localhost:3000/adfourth" "Mozilla/5.0 (Windows NT 10.0; Win64; x64) AppleWebKit/537.36 (KHTML, like Gecko) Chrome/80.0.3987.163 Safari/537.36"
::1 - - [30/May/2020:12:48:18 +0000] "POST /api/person/selectStudentInfo HTTP/1.0" 200 850 "http://localhost:3000/adfourth" "Mozilla/5.0 (Windows NT 10.0; Win64; x64) AppleWebKit/537.36 (KHTML, like Gecko) Chrome/80.0.3987.163 Safari/537.36"
::ffff:127.0.0.1 - - [30/May/2020:12:48:52 +0000] "POST /api/person/selectStudentInfo HTTP/1.0" 200 850 "http://localhost:3000/adfourth" "Mozilla/5.0 (Windows NT 10.0; Win64; x64) AppleWebKit/537.36 (KHTML, like Gecko) Chrome/80.0.3987.163 Safari/537.36"
::1 - - [30/May/2020:12:53:13 +0000] "GET /api/user/login-test HTTP/1.0" 304 - "http://localhost:3000/adfourth" "Mozilla/5.0 (Windows NT 10.0; Win64; x64) AppleWebKit/537.36 (KHTML, like Gecko) Chrome/80.0.3987.163 Safari/537.36"
::ffff:127.0.0.1 - - [30/May/2020:12:53:15 +0000] "POST /api/person/selectStudentInfo HTTP/1.0" 200 850 "http://localhost:3000/adfourth" "Mozilla/5.0 (Windows NT 10.0; Win64; x64) AppleWebKit/537.36 (KHTML, like Gecko) Chrome/80.0.3987.163 Safari/537.36"
::1 - - [30/May/2020:12:53:56 +0000] "POST /api/person/selectStudentInfo HTTP/1.0" 200 850 "http://localhost:3000/adfourth" "Mozilla/5.0 (Windows NT 10.0; Win64; x64) AppleWebKit/537.36 (KHTML, like Gecko) Chrome/80.0.3987.163 Safari/537.36"
::ffff:127.0.0.1 - - [30/May/2020:12:55:56 +0000] "GET /api/user/login-test HTTP/1.0" 304 - "http://localhost:3000/adfourth" "Mozilla/5.0 (Windows NT 10.0; Win64; x64) AppleWebKit/537.36 (KHTML, like Gecko) Chrome/80.0.3987.163 Safari/537.36"
::1 - - [30/May/2020:12:55:58 +0000] "POST /api/person/selectStudentInfo HTTP/1.0" 200 850 "http://localhost:3000/adfourth" "Mozilla/5.0 (Windows NT 10.0; Win64; x64) AppleWebKit/537.36 (KHTML, like Gecko) Chrome/80.0.3987.163 Safari/537.36"
::ffff:127.0.0.1 - - [30/May/2020:13:53:10 +0000] "POST /api/person/selectStudentInfo HTTP/1.0" 200 850 "http://localhost:3000/adfourth" "Mozilla/5.0 (Windows NT 10.0; Win64; x64) AppleWebKit/537.36 (KHTML, like Gecko) Chrome/80.0.3987.163 Safari/537.36"
::1 - - [30/May/2020:13:58:05 +0000] "POST /api/person/selectStudentInfo HTTP/1.0" 200 850 "http://localhost:3000/adfourth" "Mozilla/5.0 (Windows NT 10.0; Win64; x64) AppleWebKit/537.36 (KHTML, like Gecko) Chrome/80.0.3987.163 Safari/537.36"
::ffff:127.0.0.1 - - [30/May/2020:13:58:57 +0000] "POST /api/person/selectStudentInfo HTTP/1.0" 200 850 "http://localhost:3000/adfourth" "Mozilla/5.0 (Windows NT 10.0; Win64; x64) AppleWebKit/537.36 (KHTML, like Gecko) Chrome/80.0.3987.163 Safari/537.36"
::1 - - [30/May/2020:13:58:58 +0000] "POST /api/person/selectStudentInfo HTTP/1.0" 200 850 "http://localhost:3000/adfourth" "Mozilla/5.0 (Windows NT 10.0; Win64; x64) AppleWebKit/537.36 (KHTML, like Gecko) Chrome/80.0.3987.163 Safari/537.36"
::ffff:127.0.0.1 - - [30/May/2020:14:07:09 +0000] "POST /api/person/selectStudentInfo HTTP/1.0" 200 850 "http://localhost:3000/adfourth" "Mozilla/5.0 (Windows NT 10.0; Win64; x64) AppleWebKit/537.36 (KHTML, like Gecko) Chrome/80.0.3987.163 Safari/537.36"
::1 - - [30/May/2020:14:11:11 +0000] "POST /api/person/selectStudentInfo HTTP/1.0" 200 850 "http://localhost:3000/adfourth" "Mozilla/5.0 (Windows NT 10.0; Win64; x64) AppleWebKit/537.36 (KHTML, like Gecko) Chrome/80.0.3987.163 Safari/537.36"
::ffff:127.0.0.1 - - [30/May/2020:14:11:15 +0000] "GET /api/user/login-test HTTP/1.0" 304 - "http://localhost:3000/adfourth" "Mozilla/5.0 (Windows NT 10.0; Win64; x64) AppleWebKit/537.36 (KHTML, like Gecko) Chrome/80.0.3987.163 Safari/537.36"
::1 - - [30/May/2020:14:11:15 +0000] "POST /api/person/selectStudentInfo HTTP/1.0" 200 850 "http://localhost:3000/adfourth" "Mozilla/5.0 (Windows NT 10.0; Win64; x64) AppleWebKit/537.36 (KHTML, like Gecko) Chrome/80.0.3987.163 Safari/537.36"
::ffff:127.0.0.1 - - [30/May/2020:14:12:28 +0000] "POST /api/person/selectStudentInfo HTTP/1.0" 200 850 "http://localhost:3000/adfourth" "Mozilla/5.0 (Windows NT 10.0; Win64; x64) AppleWebKit/537.36 (KHTML, like Gecko) Chrome/80.0.3987.163 Safari/537.36"
::1 - - [30/May/2020:14:12:30 +0000] "POST /api/person/selectStudentInfo HTTP/1.0" 200 850 "http://localhost:3000/adfourth" "Mozilla/5.0 (Windows NT 10.0; Win64; x64) AppleWebKit/537.36 (KHTML, like Gecko) Chrome/80.0.3987.163 Safari/537.36"
::ffff:127.0.0.1 - - [30/May/2020:14:12:48 +0000] "POST /api/person/selectStudentInfo HTTP/1.0" 200 850 "http://localhost:3000/adfourth" "Mozilla/5.0 (Windows NT 10.0; Win64; x64) AppleWebKit/537.36 (KHTML, like Gecko) Chrome/80.0.3987.163 Safari/537.36"
::1 - - [30/May/2020:14:13:51 +0000] "POST /api/person/selectStudentInfo HTTP/1.0" 200 850 "http://localhost:3000/adfourth" "Mozilla/5.0 (Windows NT 10.0; Win64; x64) AppleWebKit/537.36 (KHTML, like Gecko) Chrome/80.0.3987.163 Safari/537.36"
::ffff:127.0.0.1 - - [30/May/2020:14:13:55 +0000] "POST /api/person/updateStudents HTTP/1.0" 200 11 "http://localhost:3000/adfourth" "Mozilla/5.0 (Windows NT 10.0; Win64; x64) AppleWebKit/537.36 (KHTML, like Gecko) Chrome/80.0.3987.163 Safari/537.36"
::1 - - [30/May/2020:14:13:55 +0000] "POST /api/person/selectStudentInfo HTTP/1.0" 200 850 "http://localhost:3000/adfourth" "Mozilla/5.0 (Windows NT 10.0; Win64; x64) AppleWebKit/537.36 (KHTML, like Gecko) Chrome/80.0.3987.163 Safari/537.36"
::ffff:127.0.0.1 - - [30/May/2020:14:14:09 +0000] "POST /api/person/updateStudents HTTP/1.0" 200 11 "http://localhost:3000/adfourth" "Mozilla/5.0 (Windows NT 10.0; Win64; x64) AppleWebKit/537.36 (KHTML, like Gecko) Chrome/80.0.3987.163 Safari/537.36"
::1 - - [30/May/2020:14:14:09 +0000] "POST /api/person/selectStudentInfo HTTP/1.0" 200 850 "http://localhost:3000/adfourth" "Mozilla/5.0 (Windows NT 10.0; Win64; x64) AppleWebKit/537.36 (KHTML, like Gecko) Chrome/80.0.3987.163 Safari/537.36"
::ffff:127.0.0.1 - - [30/May/2020:14:15:02 +0000] "POST /api/person/selectStudentInfo HTTP/1.0" 200 850 "http://localhost:3000/adfourth" "Mozilla/5.0 (Windows NT 10.0; Win64; x64) AppleWebKit/537.36 (KHTML, like Gecko) Chrome/80.0.3987.163 Safari/537.36"
::1 - - [30/May/2020:14:15:05 +0000] "GET /api/user/login-test HTTP/1.0" 304 - "http://localhost:3000/adfourth" "Mozilla/5.0 (Windows NT 10.0; Win64; x64) AppleWebKit/537.36 (KHTML, like Gecko) Chrome/80.0.3987.163 Safari/537.36"
::ffff:127.0.0.1 - - [30/May/2020:14:15:06 +0000] "POST /api/person/selectStudentInfo HTTP/1.0" 200 850 "http://localhost:3000/adfourth" "Mozilla/5.0 (Windows NT 10.0; Win64; x64) AppleWebKit/537.36 (KHTML, like Gecko) Chrome/80.0.3987.163 Safari/537.36"
::1 - - [30/May/2020:14:15:13 +0000] "POST /api/person/updateStudents HTTP/1.0" 200 11 "http://localhost:3000/adfourth" "Mozilla/5.0 (Windows NT 10.0; Win64; x64) AppleWebKit/537.36 (KHTML, like Gecko) Chrome/80.0.3987.163 Safari/537.36"
::ffff:127.0.0.1 - - [30/May/2020:14:15:13 +0000] "POST /api/person/selectStudentInfo HTTP/1.0" 200 840 "http://localhost:3000/adfourth" "Mozilla/5.0 (Windows NT 10.0; Win64; x64) AppleWebKit/537.36 (KHTML, like Gecko) Chrome/80.0.3987.163 Safari/537.36"
::1 - - [30/May/2020:14:16:57 +0000] "POST /api/person/selectStudentInfo HTTP/1.0" 200 840 "http://localhost:3000/adfourth" "Mozilla/5.0 (Windows NT 10.0; Win64; x64) AppleWebKit/537.36 (KHTML, like Gecko) Chrome/80.0.3987.163 Safari/537.36"
::ffff:127.0.0.1 - - [30/May/2020:14:17:25 +0000] "POST /api/person/insertPerson HTTP/1.0" 200 11 "http://localhost:3000/adfourth" "Mozilla/5.0 (Windows NT 10.0; Win64; x64) AppleWebKit/537.36 (KHTML, like Gecko) Chrome/80.0.3987.163 Safari/537.36"
::1 - - [30/May/2020:14:17:25 +0000] "POST /api/user/insertUser HTTP/1.0" 200 11 "http://localhost:3000/adfourth" "Mozilla/5.0 (Windows NT 10.0; Win64; x64) AppleWebKit/537.36 (KHTML, like Gecko) Chrome/80.0.3987.163 Safari/537.36"
::ffff:127.0.0.1 - - [30/May/2020:14:17:25 +0000] "POST /api/pay/insertCharge HTTP/1.0" 200 11 "http://localhost:3000/adfourth" "Mozilla/5.0 (Windows NT 10.0; Win64; x64) AppleWebKit/537.36 (KHTML, like Gecko) Chrome/80.0.3987.163 Safari/537.36"
::1 - - [30/May/2020:14:17:25 +0000] "POST /api/check/insertCheckin HTTP/1.0" 200 11 "http://localhost:3000/adfourth" "Mozilla/5.0 (Windows NT 10.0; Win64; x64) AppleWebKit/537.36 (KHTML, like Gecko) Chrome/80.0.3987.163 Safari/537.36"
::ffff:127.0.0.1 - - [30/May/2020:14:18:12 +0000] "POST /api/person/updateStudents HTTP/1.0" 200 11 "http://localhost:3000/adfourth" "Mozilla/5.0 (Windows NT 10.0; Win64; x64) AppleWebKit/537.36 (KHTML, like Gecko) Chrome/80.0.3987.163 Safari/537.36"
::1 - - [30/May/2020:14:18:12 +0000] "POST /api/person/selectStudentInfo HTTP/1.0" 200 1021 "http://localhost:3000/adfourth" "Mozilla/5.0 (Windows NT 10.0; Win64; x64) AppleWebKit/537.36 (KHTML, like Gecko) Chrome/80.0.3987.163 Safari/537.36"
::ffff:127.0.0.1 - - [30/May/2020:14:29:21 +0000] "POST /api/person/selectStudentInfo HTTP/1.0" 200 1021 "http://localhost:3000/adfourth" "Mozilla/5.0 (Windows NT 10.0; Win64; x64) AppleWebKit/537.36 (KHTML, like Gecko) Chrome/80.0.3987.163 Safari/537.36"
::1 - - [30/May/2020:14:29:24 +0000] "POST /api/person/deleteStudents HTTP/1.0" 200 11 "http://localhost:3000/adfourth" "Mozilla/5.0 (Windows NT 10.0; Win64; x64) AppleWebKit/537.36 (KHTML, like Gecko) Chrome/80.0.3987.163 Safari/537.36"
::ffff:127.0.0.1 - - [30/May/2020:14:29:24 +0000] "POST /api/person/selectStudentInfo HTTP/1.0" 200 850 "http://localhost:3000/adfourth" "Mozilla/5.0 (Windows NT 10.0; Win64; x64) AppleWebKit/537.36 (KHTML, like Gecko) Chrome/80.0.3987.163 Safari/537.36"
::1 - - [30/May/2020:14:31:50 +0000] "GET /api/user/login-test HTTP/1.0" 304 - "http://localhost:3000/login" "Mozilla/5.0 (Windows NT 10.0; Win64; x64) AppleWebKit/537.36 (KHTML, like Gecko) Chrome/80.0.3987.163 Safari/537.36"
::ffff:127.0.0.1 - - [30/May/2020:14:31:50 +0000] "GET /api/user/login-test HTTP/1.0" 304 - "http://localhost:3000/login" "Mozilla/5.0 (Windows NT 10.0; Win64; x64) AppleWebKit/537.36 (KHTML, like Gecko) Chrome/80.0.3987.163 Safari/537.36"
::1 - - [30/May/2020:14:31:52 +0000] "GET /api/user/login-test HTTP/1.0" 304 - "http://localhost:3000/admin" "Mozilla/5.0 (Windows NT 10.0; Win64; x64) AppleWebKit/537.36 (KHTML, like Gecko) Chrome/80.0.3987.163 Safari/537.36"
::ffff:127.0.0.1 - - [30/May/2020:14:31:53 +0000] "POST /api/green/queryGreenInfo HTTP/1.0" 200 2396 "http://localhost:3000/adsecond" "Mozilla/5.0 (Windows NT 10.0; Win64; x64) AppleWebKit/537.36 (KHTML, like Gecko) Chrome/80.0.3987.163 Safari/537.36"
::1 - - [30/May/2020:14:32:01 +0000] "GET /api/user/login-test HTTP/1.0" 304 - "http://localhost:3000/adsecond" "Mozilla/5.0 (Windows NT 10.0; Win64; x64) AppleWebKit/537.36 (KHTML, like Gecko) Chrome/80.0.3987.163 Safari/537.36"
::ffff:127.0.0.1 - - [30/May/2020:14:32:04 +0000] "POST /api/green/queryGreenInfo HTTP/1.0" 200 2396 "http://localhost:3000/adsecond" "Mozilla/5.0 (Windows NT 10.0; Win64; x64) AppleWebKit/537.36 (KHTML, like Gecko) Chrome/80.0.3987.163 Safari/537.36"
::1 - - [30/May/2020:14:32:12 +0000] "GET /api/user/login-test HTTP/1.0" 304 - "http://localhost:3000/adsecond" "Mozilla/5.0 (Windows NT 10.0; Win64; x64) AppleWebKit/537.36 (KHTML, like Gecko) Chrome/80.0.3987.163 Safari/537.36"
::ffff:127.0.0.1 - - [30/May/2020:14:32:12 +0000] "POST /api/green/queryGreenInfo HTTP/1.0" 200 2396 "http://localhost:3000/adsecond" "Mozilla/5.0 (Windows NT 10.0; Win64; x64) AppleWebKit/537.36 (KHTML, like Gecko) Chrome/80.0.3987.163 Safari/537.36"
::1 - - [30/May/2020:14:32:17 +0000] "GET /api/user/login-test HTTP/1.0" 304 - "http://localhost:3000/adsecond" "Mozilla/5.0 (Windows NT 10.0; Win64; x64) AppleWebKit/537.36 (KHTML, like Gecko) Chrome/80.0.3987.163 Safari/537.36"
::ffff:127.0.0.1 - - [30/May/2020:14:32:17 +0000] "POST /api/person/selectInfoFinish HTTP/1.0" 200 494 "http://localhost:3000/adfirst" "Mozilla/5.0 (Windows NT 10.0; Win64; x64) AppleWebKit/537.36 (KHTML, like Gecko) Chrome/80.0.3987.163 Safari/537.36"
::1 - - [30/May/2020:14:32:19 +0000] "GET /api/user/login-test HTTP/1.0" 304 - "http://localhost:3000/adfirst" "Mozilla/5.0 (Windows NT 10.0; Win64; x64) AppleWebKit/537.36 (KHTML, like Gecko) Chrome/80.0.3987.163 Safari/537.36"
::ffff:127.0.0.1 - - [30/May/2020:14:32:21 +0000] "GET /api/user/login-test HTTP/1.0" 304 - "http://localhost:3000/adfirst" "Mozilla/5.0 (Windows NT 10.0; Win64; x64) AppleWebKit/537.36 (KHTML, like Gecko) Chrome/80.0.3987.163 Safari/537.36"
::1 - - [30/May/2020:14:32:21 +0000] "POST /api/person/selectStudentInfo HTTP/1.0" 200 850 "http://localhost:3000/adfourth" "Mozilla/5.0 (Windows NT 10.0; Win64; x64) AppleWebKit/537.36 (KHTML, like Gecko) Chrome/80.0.3987.163 Safari/537.36"
::ffff:127.0.0.1 - - [30/May/2020:14:32:24 +0000] "GET /api/user/login-test HTTP/1.0" 304 - "http://localhost:3000/adfourth" "Mozilla/5.0 (Windows NT 10.0; Win64; x64) AppleWebKit/537.36 (KHTML, like Gecko) Chrome/80.0.3987.163 Safari/537.36"
::1 - - [30/May/2020:14:32:26 +0000] "GET /api/user/login-test HTTP/1.0" 304 - "http://localhost:3000/adthird" "Mozilla/5.0 (Windows NT 10.0; Win64; x64) AppleWebKit/537.36 (KHTML, like Gecko) Chrome/80.0.3987.163 Safari/537.36"
::ffff:127.0.0.1 - - [30/May/2020:14:32:26 +0000] "POST /api/green/queryGreenInfo HTTP/1.0" 200 2396 "http://localhost:3000/adsecond" "Mozilla/5.0 (Windows NT 10.0; Win64; x64) AppleWebKit/537.36 (KHTML, like Gecko) Chrome/80.0.3987.163 Safari/537.36"
<<<<<<< HEAD
::1 - - [30/May/2020:14:41:23 +0000] "POST /api/green/queryGreenInfo HTTP/1.0" 200 2396 "http://localhost:3000/adsecond" "Mozilla/5.0 (Windows NT 10.0; Win64; x64) AppleWebKit/537.36 (KHTML, like Gecko) Chrome/80.0.3987.163 Safari/537.36"
::ffff:127.0.0.1 - - [30/May/2020:14:41:39 +0000] "POST /api/green/queryGreenInfo HTTP/1.0" 200 2396 "http://localhost:3000/adsecond" "Mozilla/5.0 (Windows NT 10.0; Win64; x64) AppleWebKit/537.36 (KHTML, like Gecko) Chrome/80.0.3987.163 Safari/537.36"
::1 - - [30/May/2020:14:41:40 +0000] "POST /api/green/deleteGreenInfo HTTP/1.0" 200 147 "http://localhost:3000/adsecond" "Mozilla/5.0 (Windows NT 10.0; Win64; x64) AppleWebKit/537.36 (KHTML, like Gecko) Chrome/80.0.3987.163 Safari/537.36"
::ffff:127.0.0.1 - - [30/May/2020:14:41:42 +0000] "POST /api/green/queryGreenInfo HTTP/1.0" 200 1569 "http://localhost:3000/adsecond" "Mozilla/5.0 (Windows NT 10.0; Win64; x64) AppleWebKit/537.36 (KHTML, like Gecko) Chrome/80.0.3987.163 Safari/537.36"
=======
::1 - - [31/May/2020:00:17:59 +0000] "GET /api/user/login-test HTTP/1.0" 200 30 "http://localhost:3000/login" "Mozilla/5.0 (Windows NT 10.0; WOW64) AppleWebKit/537.36 (KHTML, like Gecko) Chrome/79.0.3945.130 Safari/537.36"
::ffff:127.0.0.1 - - [31/May/2020:00:18:09 +0000] "POST /api/user/login HTTP/1.0" 200 83 "http://localhost:3000/login" "Mozilla/5.0 (Windows NT 10.0; WOW64) AppleWebKit/537.36 (KHTML, like Gecko) Chrome/79.0.3945.130 Safari/537.36"
::1 - - [31/May/2020:00:18:09 +0000] "GET /api/user/login-test HTTP/1.0" 200 27 "http://localhost:3000/login" "Mozilla/5.0 (Windows NT 10.0; WOW64) AppleWebKit/537.36 (KHTML, like Gecko) Chrome/79.0.3945.130 Safari/537.36"
::ffff:127.0.0.1 - - [31/May/2020:00:18:10 +0000] "POST /api/info/queryInfo HTTP/1.0" 200 105 "http://localhost:3000/first" "Mozilla/5.0 (Windows NT 10.0; WOW64) AppleWebKit/537.36 (KHTML, like Gecko) Chrome/79.0.3945.130 Safari/537.36"
::1 - - [31/May/2020:00:18:14 +0000] "GET /api/user/login-test HTTP/1.0" 304 - "http://localhost:3000/first" "Mozilla/5.0 (Windows NT 10.0; WOW64) AppleWebKit/537.36 (KHTML, like Gecko) Chrome/79.0.3945.130 Safari/537.36"
::ffff:127.0.0.1 - - [31/May/2020:00:19:46 +0000] "GET /api/user/login-test HTTP/1.0" 304 - "http://localhost:3000/first" "Mozilla/5.0 (Windows NT 10.0; WOW64) AppleWebKit/537.36 (KHTML, like Gecko) Chrome/79.0.3945.130 Safari/537.36"
::1 - - [31/May/2020:00:19:46 +0000] "POST /api/info/queryInfo HTTP/1.0" 200 105 "http://localhost:3000/first" "Mozilla/5.0 (Windows NT 10.0; WOW64) AppleWebKit/537.36 (KHTML, like Gecko) Chrome/79.0.3945.130 Safari/537.36"
::ffff:127.0.0.1 - - [31/May/2020:00:22:00 +0000] "GET /api/user/login-test HTTP/1.0" 304 - "http://localhost:3000/first" "Mozilla/5.0 (Windows NT 10.0; WOW64) AppleWebKit/537.36 (KHTML, like Gecko) Chrome/79.0.3945.130 Safari/537.36"
::1 - - [31/May/2020:00:22:03 +0000] "GET /api/user/login-test HTTP/1.0" 304 - "http://localhost:3000/first" "Mozilla/5.0 (Windows NT 10.0; WOW64) AppleWebKit/537.36 (KHTML, like Gecko) Chrome/79.0.3945.130 Safari/537.36"
::ffff:127.0.0.1 - - [31/May/2020:00:22:03 +0000] "POST /api/info/queryInfo HTTP/1.0" 200 105 "http://localhost:3000/first" "Mozilla/5.0 (Windows NT 10.0; WOW64) AppleWebKit/537.36 (KHTML, like Gecko) Chrome/79.0.3945.130 Safari/537.36"
::1 - - [31/May/2020:00:22:04 +0000] "GET /api/user/login-test HTTP/1.0" 304 - "http://localhost:3000/first" "Mozilla/5.0 (Windows NT 10.0; WOW64) AppleWebKit/537.36 (KHTML, like Gecko) Chrome/79.0.3945.130 Safari/537.36"
::ffff:127.0.0.1 - - [31/May/2020:00:22:04 +0000] "POST /api/info/queryInfo HTTP/1.0" 200 105 "http://localhost:3000/first" "Mozilla/5.0 (Windows NT 10.0; WOW64) AppleWebKit/537.36 (KHTML, like Gecko) Chrome/79.0.3945.130 Safari/537.36"
::1 - - [31/May/2020:00:22:06 +0000] "GET /api/user/login-test HTTP/1.0" 304 - "http://localhost:3000/first" "Mozilla/5.0 (Windows NT 10.0; WOW64) AppleWebKit/537.36 (KHTML, like Gecko) Chrome/79.0.3945.130 Safari/537.36"
::ffff:127.0.0.1 - - [31/May/2020:00:22:21 +0000] "GET /api/user/login-test HTTP/1.0" 304 - "http://localhost:3000/first" "Mozilla/5.0 (Windows NT 10.0; WOW64) AppleWebKit/537.36 (KHTML, like Gecko) Chrome/79.0.3945.130 Safari/537.36"
::1 - - [31/May/2020:00:22:21 +0000] "POST /api/info/queryInfo HTTP/1.0" 200 105 "http://localhost:3000/first" "Mozilla/5.0 (Windows NT 10.0; WOW64) AppleWebKit/537.36 (KHTML, like Gecko) Chrome/79.0.3945.130 Safari/537.36"
::ffff:127.0.0.1 - - [31/May/2020:00:23:17 +0000] "GET /api/user/login-test HTTP/1.0" 304 - "http://localhost:3000/first" "Mozilla/5.0 (Windows NT 10.0; WOW64) AppleWebKit/537.36 (KHTML, like Gecko) Chrome/79.0.3945.130 Safari/537.36"
::1 - - [31/May/2020:00:23:18 +0000] "POST /api/info/queryInfo HTTP/1.0" 200 105 "http://localhost:3000/first" "Mozilla/5.0 (Windows NT 10.0; WOW64) AppleWebKit/537.36 (KHTML, like Gecko) Chrome/79.0.3945.130 Safari/537.36"
::ffff:127.0.0.1 - - [31/May/2020:00:24:07 +0000] "GET /api/user/login-test HTTP/1.0" 304 - "http://localhost:3000/first" "Mozilla/5.0 (Windows NT 10.0; WOW64) AppleWebKit/537.36 (KHTML, like Gecko) Chrome/79.0.3945.130 Safari/537.36"
::1 - - [31/May/2020:00:24:52 +0000] "GET /api/user/login-test HTTP/1.0" 304 - "http://localhost:3000/chakan" "Mozilla/5.0 (Windows NT 10.0; WOW64) AppleWebKit/537.36 (KHTML, like Gecko) Chrome/79.0.3945.130 Safari/537.36"
::ffff:127.0.0.1 - - [31/May/2020:00:24:53 +0000] "POST /api/info/queryInfo HTTP/1.0" 200 105 "http://localhost:3000/first" "Mozilla/5.0 (Windows NT 10.0; WOW64) AppleWebKit/537.36 (KHTML, like Gecko) Chrome/79.0.3945.130 Safari/537.36"
::1 - - [31/May/2020:00:30:37 +0000] "GET /api/user/login-test HTTP/1.0" 304 - "http://localhost:3000/first" "Mozilla/5.0 (Windows NT 10.0; WOW64) AppleWebKit/537.36 (KHTML, like Gecko) Chrome/79.0.3945.130 Safari/537.36"
::1 - - [31/May/2020:00:30:38 +0000] "POST /api/notice/queryAllNotice HTTP/1.0" 200 93 "http://localhost:3000/second" "Mozilla/5.0 (Windows NT 10.0; WOW64) AppleWebKit/537.36 (KHTML, like Gecko) Chrome/79.0.3945.130 Safari/537.36"
::ffff:127.0.0.1 - - [31/May/2020:00:30:38 +0000] "POST /api/notice/queryNotice HTTP/1.0" 200 315 "http://localhost:3000/second" "Mozilla/5.0 (Windows NT 10.0; WOW64) AppleWebKit/537.36 (KHTML, like Gecko) Chrome/79.0.3945.130 Safari/537.36"
::ffff:127.0.0.1 - - [31/May/2020:00:30:44 +0000] "POST /api/notice/queryContent HTTP/1.0" 200 288 "http://localhost:3000/second" "Mozilla/5.0 (Windows NT 10.0; WOW64) AppleWebKit/537.36 (KHTML, like Gecko) Chrome/79.0.3945.130 Safari/537.36"
::1 - - [31/May/2020:00:30:54 +0000] "GET /api/user/login-test HTTP/1.0" 304 - "http://localhost:3000/second" "Mozilla/5.0 (Windows NT 10.0; WOW64) AppleWebKit/537.36 (KHTML, like Gecko) Chrome/79.0.3945.130 Safari/537.36"
::ffff:127.0.0.1 - - [31/May/2020:00:30:55 +0000] "GET /api/user/login-test HTTP/1.0" 304 - "http://localhost:3000/second" "Mozilla/5.0 (Windows NT 10.0; WOW64) AppleWebKit/537.36 (KHTML, like Gecko) Chrome/79.0.3945.130 Safari/537.36"
::1 - - [31/May/2020:00:30:55 +0000] "GET /api/user/login-test HTTP/1.0" 304 - "http://localhost:3000/second" "Mozilla/5.0 (Windows NT 10.0; WOW64) AppleWebKit/537.36 (KHTML, like Gecko) Chrome/79.0.3945.130 Safari/537.36"
::ffff:127.0.0.1 - - [31/May/2020:00:30:56 +0000] "POST /api/person/queryPersonInfo HTTP/1.0" 200 228 "http://localhost:3000/third" "Mozilla/5.0 (Windows NT 10.0; WOW64) AppleWebKit/537.36 (KHTML, like Gecko) Chrome/79.0.3945.130 Safari/537.36"
::1 - - [31/May/2020:00:31:03 +0000] "GET /api/user/login-test HTTP/1.0" 304 - "http://localhost:3000/third" "Mozilla/5.0 (Windows NT 10.0; WOW64) AppleWebKit/537.36 (KHTML, like Gecko) Chrome/79.0.3945.130 Safari/537.36"
::ffff:127.0.0.1 - - [31/May/2020:00:31:04 +0000] "POST /api/check/selectFinish HTTP/1.0" 200 38 "http://localhost:3000/fourth" "Mozilla/5.0 (Windows NT 10.0; WOW64) AppleWebKit/537.36 (KHTML, like Gecko) Chrome/79.0.3945.130 Safari/537.36"
::1 - - [31/May/2020:00:31:04 +0000] "POST /api/pay/selectPay HTTP/1.0" 200 35 "http://localhost:3000/fourth" "Mozilla/5.0 (Windows NT 10.0; WOW64) AppleWebKit/537.36 (KHTML, like Gecko) Chrome/79.0.3945.130 Safari/537.36"
::ffff:127.0.0.1 - - [31/May/2020:00:31:06 +0000] "GET /api/user/login-test HTTP/1.0" 304 - "http://localhost:3000/fourth" "Mozilla/5.0 (Windows NT 10.0; WOW64) AppleWebKit/537.36 (KHTML, like Gecko) Chrome/79.0.3945.130 Safari/537.36"
::1 - - [31/May/2020:00:31:09 +0000] "GET /api/user/login-test HTTP/1.0" 304 - "http://localhost:3000/fifth" "Mozilla/5.0 (Windows NT 10.0; WOW64) AppleWebKit/537.36 (KHTML, like Gecko) Chrome/79.0.3945.130 Safari/537.36"
::ffff:127.0.0.1 - - [31/May/2020:00:31:09 +0000] "POST /api/pay/queryPayOff HTTP/1.0" 200 126 "http://localhost:3000/sixth" "Mozilla/5.0 (Windows NT 10.0; WOW64) AppleWebKit/537.36 (KHTML, like Gecko) Chrome/79.0.3945.130 Safari/537.36"
::1 - - [31/May/2020:00:31:09 +0000] "POST /api/pay/selectPay HTTP/1.0" 200 35 "http://localhost:3000/sixth" "Mozilla/5.0 (Windows NT 10.0; WOW64) AppleWebKit/537.36 (KHTML, like Gecko) Chrome/79.0.3945.130 Safari/537.36"
::ffff:127.0.0.1 - - [31/May/2020:00:31:58 +0000] "GET /api/user/logout HTTP/1.0" 302 23 "http://localhost:3000/sixth" "Mozilla/5.0 (Windows NT 10.0; WOW64) AppleWebKit/537.36 (KHTML, like Gecko) Chrome/79.0.3945.130 Safari/537.36"
::1 - - [31/May/2020:00:32:00 +0000] "GET /api/user/login-test HTTP/1.0" 200 30 "http://localhost:3000/login" "Mozilla/5.0 (Windows NT 10.0; WOW64) AppleWebKit/537.36 (KHTML, like Gecko) Chrome/79.0.3945.130 Safari/537.36"
::ffff:127.0.0.1 - - [31/May/2020:00:32:09 +0000] "POST /api/user/login HTTP/1.0" 200 82 "http://localhost:3000/login" "Mozilla/5.0 (Windows NT 10.0; WOW64) AppleWebKit/537.36 (KHTML, like Gecko) Chrome/79.0.3945.130 Safari/537.36"
::1 - - [31/May/2020:00:32:09 +0000] "GET /api/user/login-test HTTP/1.0" 200 25 "http://localhost:3000/login" "Mozilla/5.0 (Windows NT 10.0; WOW64) AppleWebKit/537.36 (KHTML, like Gecko) Chrome/79.0.3945.130 Safari/537.36"
::ffff:127.0.0.1 - - [31/May/2020:00:32:14 +0000] "GET /api/user/login-test HTTP/1.0" 304 - "http://localhost:3000/fifth" "Mozilla/5.0 (Windows NT 10.0; WOW64) AppleWebKit/537.36 (KHTML, like Gecko) Chrome/79.0.3945.130 Safari/537.36"
::1 - - [31/May/2020:00:32:20 +0000] "GET /api/user/login-test HTTP/1.0" 304 - "http://localhost:3000/fifth" "Mozilla/5.0 (Windows NT 10.0; WOW64) AppleWebKit/537.36 (KHTML, like Gecko) Chrome/79.0.3945.130 Safari/537.36"
::ffff:127.0.0.1 - - [31/May/2020:00:32:22 +0000] "GET /api/user/logout HTTP/1.0" 302 23 "http://localhost:3000/fifth" "Mozilla/5.0 (Windows NT 10.0; WOW64) AppleWebKit/537.36 (KHTML, like Gecko) Chrome/79.0.3945.130 Safari/537.36"
::1 - - [31/May/2020:00:32:22 +0000] "GET /api/user/login-test HTTP/1.0" 200 30 "http://localhost:3000/login" "Mozilla/5.0 (Windows NT 10.0; WOW64) AppleWebKit/537.36 (KHTML, like Gecko) Chrome/79.0.3945.130 Safari/537.36"
::ffff:127.0.0.1 - - [31/May/2020:00:32:37 +0000] "POST /api/user/login HTTP/1.0" 200 82 "http://localhost:3000/login" "Mozilla/5.0 (Windows NT 10.0; WOW64) AppleWebKit/537.36 (KHTML, like Gecko) Chrome/79.0.3945.130 Safari/537.36"
::1 - - [31/May/2020:00:32:37 +0000] "GET /api/user/login-test HTTP/1.0" 200 25 "http://localhost:3000/login" "Mozilla/5.0 (Windows NT 10.0; WOW64) AppleWebKit/537.36 (KHTML, like Gecko) Chrome/79.0.3945.130 Safari/537.36"
::ffff:127.0.0.1 - - [31/May/2020:00:32:46 +0000] "GET /api/user/login-test HTTP/1.0" 304 - "http://localhost:3000/admin" "Mozilla/5.0 (Windows NT 10.0; WOW64) AppleWebKit/537.36 (KHTML, like Gecko) Chrome/79.0.3945.130 Safari/537.36"
::1 - - [31/May/2020:00:32:46 +0000] "POST /api/person/selectInfoFinish HTTP/1.0" 200 494 "http://localhost:3000/adfirst" "Mozilla/5.0 (Windows NT 10.0; WOW64) AppleWebKit/537.36 (KHTML, like Gecko) Chrome/79.0.3945.130 Safari/537.36"
::ffff:127.0.0.1 - - [31/May/2020:00:33:17 +0000] "GET /api/user/login-test HTTP/1.0" 304 - "http://localhost:3000/adfirst" "Mozilla/5.0 (Windows NT 10.0; WOW64) AppleWebKit/537.36 (KHTML, like Gecko) Chrome/79.0.3945.130 Safari/537.36"
::1 - - [31/May/2020:00:33:17 +0000] "POST /api/green/queryGreenInfo HTTP/1.0" 200 1569 "http://localhost:3000/adsecond" "Mozilla/5.0 (Windows NT 10.0; WOW64) AppleWebKit/537.36 (KHTML, like Gecko) Chrome/79.0.3945.130 Safari/537.36"
::ffff:127.0.0.1 - - [31/May/2020:00:33:43 +0000] "GET /api/user/login-test HTTP/1.0" 304 - "http://localhost:3000/adsecond" "Mozilla/5.0 (Windows NT 10.0; WOW64) AppleWebKit/537.36 (KHTML, like Gecko) Chrome/79.0.3945.130 Safari/537.36"
::1 - - [31/May/2020:00:33:44 +0000] "GET /api/user/login-test HTTP/1.0" 304 - "http://localhost:3000/adsecond" "Mozilla/5.0 (Windows NT 10.0; WOW64) AppleWebKit/537.36 (KHTML, like Gecko) Chrome/79.0.3945.130 Safari/537.36"
::ffff:127.0.0.1 - - [31/May/2020:00:34:14 +0000] "GET /api/user/login-test HTTP/1.0" 304 - "http://localhost:3000/adthird" "Mozilla/5.0 (Windows NT 10.0; WOW64) AppleWebKit/537.36 (KHTML, like Gecko) Chrome/79.0.3945.130 Safari/537.36"
::1 - - [31/May/2020:00:34:14 +0000] "POST /api/person/selectStudentInfo HTTP/1.0" 200 850 "http://localhost:3000/adfourth" "Mozilla/5.0 (Windows NT 10.0; WOW64) AppleWebKit/537.36 (KHTML, like Gecko) Chrome/79.0.3945.130 Safari/537.36"
::ffff:127.0.0.1 - - [31/May/2020:00:35:05 +0000] "GET /api/user/login-test HTTP/1.0" 304 - "http://localhost:3000/adfourth" "Mozilla/5.0 (Windows NT 10.0; WOW64) AppleWebKit/537.36 (KHTML, like Gecko) Chrome/79.0.3945.130 Safari/537.36"
::1 - - [31/May/2020:00:35:07 +0000] "GET /api/user/login-test HTTP/1.0" 304 - "http://localhost:3000/adthird" "Mozilla/5.0 (Windows NT 10.0; WOW64) AppleWebKit/537.36 (KHTML, like Gecko) Chrome/79.0.3945.130 Safari/537.36"
::ffff:127.0.0.1 - - [31/May/2020:00:35:07 +0000] "POST /api/green/queryGreenInfo HTTP/1.0" 200 1569 "http://localhost:3000/adsecond" "Mozilla/5.0 (Windows NT 10.0; WOW64) AppleWebKit/537.36 (KHTML, like Gecko) Chrome/79.0.3945.130 Safari/537.36"
::1 - - [31/May/2020:00:35:09 +0000] "GET /api/user/login-test HTTP/1.0" 304 - "http://localhost:3000/adsecond" "Mozilla/5.0 (Windows NT 10.0; WOW64) AppleWebKit/537.36 (KHTML, like Gecko) Chrome/79.0.3945.130 Safari/537.36"
::ffff:127.0.0.1 - - [31/May/2020:00:35:10 +0000] "POST /api/person/selectInfoFinish HTTP/1.0" 200 494 "http://localhost:3000/adfirst" "Mozilla/5.0 (Windows NT 10.0; WOW64) AppleWebKit/537.36 (KHTML, like Gecko) Chrome/79.0.3945.130 Safari/537.36"
::1 - - [31/May/2020:00:40:57 +0000] "GET /api/user/logout HTTP/1.0" 302 23 "http://localhost:3000/login" "Mozilla/5.0 (Windows NT 10.0; WOW64) AppleWebKit/537.36 (KHTML, like Gecko) Chrome/79.0.3945.130 Safari/537.36"
::ffff:127.0.0.1 - - [31/May/2020:00:40:57 +0000] "GET /api/user/login-test HTTP/1.0" 304 - "http://localhost:3000/login" "Mozilla/5.0 (Windows NT 10.0; WOW64) AppleWebKit/537.36 (KHTML, like Gecko) Chrome/79.0.3945.130 Safari/537.36"
::1 - - [31/May/2020:00:40:57 +0000] "GET /api/user/login-test HTTP/1.0" 200 30 "http://localhost:3000/login" "Mozilla/5.0 (Windows NT 10.0; WOW64) AppleWebKit/537.36 (KHTML, like Gecko) Chrome/79.0.3945.130 Safari/537.36"
::ffff:127.0.0.1 - - [31/May/2020:00:41:02 +0000] "POST /api/user/login HTTP/1.0" 200 83 "http://localhost:3000/login" "Mozilla/5.0 (Windows NT 10.0; WOW64) AppleWebKit/537.36 (KHTML, like Gecko) Chrome/79.0.3945.130 Safari/537.36"
::1 - - [31/May/2020:00:41:02 +0000] "GET /api/user/login-test HTTP/1.0" 200 27 "http://localhost:3000/login" "Mozilla/5.0 (Windows NT 10.0; WOW64) AppleWebKit/537.36 (KHTML, like Gecko) Chrome/79.0.3945.130 Safari/537.36"
::ffff:127.0.0.1 - - [31/May/2020:00:41:04 +0000] "POST /api/info/queryInfo HTTP/1.0" 200 105 "http://localhost:3000/first" "Mozilla/5.0 (Windows NT 10.0; WOW64) AppleWebKit/537.36 (KHTML, like Gecko) Chrome/79.0.3945.130 Safari/537.36"
::1 - - [31/May/2020:00:42:42 +0000] "GET /api/user/login-test HTTP/1.0" 304 - "http://localhost:3000/first" "Mozilla/5.0 (Windows NT 10.0; WOW64) AppleWebKit/537.36 (KHTML, like Gecko) Chrome/79.0.3945.130 Safari/537.36"
::ffff:127.0.0.1 - - [31/May/2020:00:42:44 +0000] "POST /api/info/queryInfo HTTP/1.0" 200 105 "http://localhost:3000/first" "Mozilla/5.0 (Windows NT 10.0; WOW64) AppleWebKit/537.36 (KHTML, like Gecko) Chrome/79.0.3945.130 Safari/537.36"
::1 - - [31/May/2020:00:47:19 +0000] "GET /api/user/login-test HTTP/1.0" 304 - "http://localhost:3000/first" "Mozilla/5.0 (Windows NT 10.0; WOW64) AppleWebKit/537.36 (KHTML, like Gecko) Chrome/79.0.3945.130 Safari/537.36"
::ffff:127.0.0.1 - - [31/May/2020:00:47:20 +0000] "GET /api/user/login-test HTTP/1.0" 304 - "http://localhost:3000/first" "Mozilla/5.0 (Windows NT 10.0; WOW64) AppleWebKit/537.36 (KHTML, like Gecko) Chrome/79.0.3945.130 Safari/537.36"
::ffff:127.0.0.1 - - [31/May/2020:00:47:21 +0000] "POST /api/notice/queryAllNotice HTTP/1.0" 200 93 "http://localhost:3000/second" "Mozilla/5.0 (Windows NT 10.0; WOW64) AppleWebKit/537.36 (KHTML, like Gecko) Chrome/79.0.3945.130 Safari/537.36"
::1 - - [31/May/2020:00:47:21 +0000] "POST /api/notice/queryNotice HTTP/1.0" 200 315 "http://localhost:3000/second" "Mozilla/5.0 (Windows NT 10.0; WOW64) AppleWebKit/537.36 (KHTML, like Gecko) Chrome/79.0.3945.130 Safari/537.36"
::1 - - [31/May/2020:00:47:25 +0000] "POST /api/notice/queryContent HTTP/1.0" 200 173 "http://localhost:3000/second" "Mozilla/5.0 (Windows NT 10.0; WOW64) AppleWebKit/537.36 (KHTML, like Gecko) Chrome/79.0.3945.130 Safari/537.36"
::ffff:127.0.0.1 - - [31/May/2020:00:47:29 +0000] "POST /api/notice/queryContent HTTP/1.0" 200 291 "http://localhost:3000/second" "Mozilla/5.0 (Windows NT 10.0; WOW64) AppleWebKit/537.36 (KHTML, like Gecko) Chrome/79.0.3945.130 Safari/537.36"
::1 - - [31/May/2020:01:09:52 +0000] "GET /api/user/login-test HTTP/1.0" 304 - "http://localhost:3000/second" "Mozilla/5.0 (Windows NT 10.0; WOW64) AppleWebKit/537.36 (KHTML, like Gecko) Chrome/79.0.3945.130 Safari/537.36"
::ffff:127.0.0.1 - - [31/May/2020:01:09:52 +0000] "POST /api/info/queryInfo HTTP/1.0" 200 105 "http://localhost:3000/first" "Mozilla/5.0 (Windows NT 10.0; WOW64) AppleWebKit/537.36 (KHTML, like Gecko) Chrome/79.0.3945.130 Safari/537.36"
::1 - - [31/May/2020:02:36:47 +0000] "POST /api/info/queryInfo HTTP/1.0" 200 105 "http://localhost:3000/first" "Mozilla/5.0 (Windows NT 10.0; WOW64) AppleWebKit/537.36 (KHTML, like Gecko) Chrome/79.0.3945.130 Safari/537.36"
::ffff:127.0.0.1 - - [31/May/2020:02:39:11 +0000] "POST /api/info/queryInfo HTTP/1.0" 200 105 "http://localhost:3000/first" "Mozilla/5.0 (Windows NT 10.0; WOW64) AppleWebKit/537.36 (KHTML, like Gecko) Chrome/79.0.3945.130 Safari/537.36"
::1 - - [31/May/2020:02:39:23 +0000] "GET /api/user/login-test HTTP/1.0" 304 - "http://localhost:3000/first" "Mozilla/5.0 (Windows NT 10.0; WOW64) AppleWebKit/537.36 (KHTML, like Gecko) Chrome/79.0.3945.130 Safari/537.36"
::ffff:127.0.0.1 - - [31/May/2020:02:39:23 +0000] "POST /api/info/queryInfo HTTP/1.0" 200 105 "http://localhost:3000/first" "Mozilla/5.0 (Windows NT 10.0; WOW64) AppleWebKit/537.36 (KHTML, like Gecko) Chrome/79.0.3945.130 Safari/537.36"
::1 - - [31/May/2020:02:43:20 +0000] "GET /api/user/login-test HTTP/1.0" 304 - "http://localhost:3000/first" "Mozilla/5.0 (Windows NT 10.0; WOW64) AppleWebKit/537.36 (KHTML, like Gecko) Chrome/79.0.3945.130 Safari/537.36"
::ffff:127.0.0.1 - - [31/May/2020:02:43:20 +0000] "POST /api/info/queryInfo HTTP/1.0" 200 105 "http://localhost:3000/first" "Mozilla/5.0 (Windows NT 10.0; WOW64) AppleWebKit/537.36 (KHTML, like Gecko) Chrome/79.0.3945.130 Safari/537.36"
::1 - - [31/May/2020:02:43:47 +0000] "POST /api/info/queryInfo HTTP/1.0" 200 105 "http://localhost:3000/first" "Mozilla/5.0 (Windows NT 10.0; WOW64) AppleWebKit/537.36 (KHTML, like Gecko) Chrome/79.0.3945.130 Safari/537.36"
::ffff:127.0.0.1 - - [31/May/2020:02:43:52 +0000] "GET /api/user/login-test HTTP/1.0" 304 - "http://localhost:3000/first" "Mozilla/5.0 (Windows NT 10.0; WOW64) AppleWebKit/537.36 (KHTML, like Gecko) Chrome/79.0.3945.130 Safari/537.36"
::1 - - [31/May/2020:02:43:53 +0000] "POST /api/info/queryInfo HTTP/1.0" 200 105 "http://localhost:3000/first" "Mozilla/5.0 (Windows NT 10.0; WOW64) AppleWebKit/537.36 (KHTML, like Gecko) Chrome/79.0.3945.130 Safari/537.36"
::ffff:127.0.0.1 - - [31/May/2020:02:46:55 +0000] "GET /api/user/login-test HTTP/1.0" 304 - "http://localhost:3000/first" "Mozilla/5.0 (Windows NT 10.0; WOW64) AppleWebKit/537.36 (KHTML, like Gecko) Chrome/79.0.3945.130 Safari/537.36"
::1 - - [31/May/2020:02:46:55 +0000] "POST /api/info/queryInfo HTTP/1.0" 200 105 "http://localhost:3000/first" "Mozilla/5.0 (Windows NT 10.0; WOW64) AppleWebKit/537.36 (KHTML, like Gecko) Chrome/79.0.3945.130 Safari/537.36"
::ffff:127.0.0.1 - - [31/May/2020:02:48:14 +0000] "POST /api/info/queryInfo HTTP/1.0" 200 105 "http://localhost:3000/first" "Mozilla/5.0 (Windows NT 10.0; WOW64) AppleWebKit/537.36 (KHTML, like Gecko) Chrome/79.0.3945.130 Safari/537.36"
::1 - - [31/May/2020:02:50:47 +0000] "POST /api/info/queryInfo HTTP/1.0" 200 105 "http://localhost:3000/first" "Mozilla/5.0 (Windows NT 10.0; WOW64) AppleWebKit/537.36 (KHTML, like Gecko) Chrome/79.0.3945.130 Safari/537.36"
::ffff:127.0.0.1 - - [31/May/2020:02:50:53 +0000] "GET /api/user/login-test HTTP/1.0" 304 - "http://localhost:3000/first" "Mozilla/5.0 (Windows NT 10.0; WOW64) AppleWebKit/537.36 (KHTML, like Gecko) Chrome/79.0.3945.130 Safari/537.36"
::1 - - [31/May/2020:02:50:53 +0000] "POST /api/info/queryInfo HTTP/1.0" 200 105 "http://localhost:3000/first" "Mozilla/5.0 (Windows NT 10.0; WOW64) AppleWebKit/537.36 (KHTML, like Gecko) Chrome/79.0.3945.130 Safari/537.36"
::ffff:127.0.0.1 - - [31/May/2020:02:51:37 +0000] "POST /api/info/queryInfo HTTP/1.0" 200 105 "http://localhost:3000/first" "Mozilla/5.0 (Windows NT 10.0; WOW64) AppleWebKit/537.36 (KHTML, like Gecko) Chrome/79.0.3945.130 Safari/537.36"
::1 - - [31/May/2020:02:51:39 +0000] "GET /api/user/login-test HTTP/1.0" 304 - "http://localhost:3000/first" "Mozilla/5.0 (Windows NT 10.0; WOW64) AppleWebKit/537.36 (KHTML, like Gecko) Chrome/79.0.3945.130 Safari/537.36"
::ffff:127.0.0.1 - - [31/May/2020:02:51:42 +0000] "POST /api/info/queryInfo HTTP/1.0" 200 105 "http://localhost:3000/first" "Mozilla/5.0 (Windows NT 10.0; WOW64) AppleWebKit/537.36 (KHTML, like Gecko) Chrome/79.0.3945.130 Safari/537.36"
::1 - - [31/May/2020:02:52:02 +0000] "POST /api/info/queryInfo HTTP/1.0" 200 105 "http://localhost:3000/first" "Mozilla/5.0 (Windows NT 10.0; WOW64) AppleWebKit/537.36 (KHTML, like Gecko) Chrome/79.0.3945.130 Safari/537.36"
::ffff:127.0.0.1 - - [31/May/2020:02:52:34 +0000] "GET /api/user/login-test HTTP/1.0" 304 - "http://localhost:3000/first" "Mozilla/5.0 (Windows NT 10.0; WOW64) AppleWebKit/537.36 (KHTML, like Gecko) Chrome/79.0.3945.130 Safari/537.36"
::1 - - [31/May/2020:02:52:34 +0000] "GET /api/user/login-test HTTP/1.0" 304 - "http://localhost:3000/first" "Mozilla/5.0 (Windows NT 10.0; WOW64) AppleWebKit/537.36 (KHTML, like Gecko) Chrome/79.0.3945.130 Safari/537.36"
::1 - - [31/May/2020:02:52:36 +0000] "POST /api/notice/queryAllNotice HTTP/1.0" 200 93 "http://localhost:3000/second" "Mozilla/5.0 (Windows NT 10.0; WOW64) AppleWebKit/537.36 (KHTML, like Gecko) Chrome/79.0.3945.130 Safari/537.36"
::ffff:127.0.0.1 - - [31/May/2020:02:52:36 +0000] "POST /api/notice/queryNotice HTTP/1.0" 200 315 "http://localhost:3000/second" "Mozilla/5.0 (Windows NT 10.0; WOW64) AppleWebKit/537.36 (KHTML, like Gecko) Chrome/79.0.3945.130 Safari/537.36"
::ffff:127.0.0.1 - - [31/May/2020:02:52:38 +0000] "POST /api/notice/queryContent HTTP/1.0" 200 288 "http://localhost:3000/second" "Mozilla/5.0 (Windows NT 10.0; WOW64) AppleWebKit/537.36 (KHTML, like Gecko) Chrome/79.0.3945.130 Safari/537.36"
::1 - - [31/May/2020:02:52:44 +0000] "GET /api/user/login-test HTTP/1.0" 304 - "http://localhost:3000/second" "Mozilla/5.0 (Windows NT 10.0; WOW64) AppleWebKit/537.36 (KHTML, like Gecko) Chrome/79.0.3945.130 Safari/537.36"
