::1 - - [24/May/2020:11:40:07 +0000] "GET /api/user/login-test HTTP/1.0" 304 - "http://localhost:3000/second" "Mozilla/5.0 (Windows NT 10.0; Win64; x64) AppleWebKit/537.36 (KHTML, like Gecko) Chrome/80.0.3987.163 Safari/537.36"
::ffff:127.0.0.1 - - [24/May/2020:11:40:08 +0000] "POST /api/notice/queryNotice HTTP/1.0" 200 315 "http://localhost:3000/second" "Mozilla/5.0 (Windows NT 10.0; Win64; x64) AppleWebKit/537.36 (KHTML, like Gecko) Chrome/80.0.3987.163 Safari/537.36"
::1 - - [24/May/2020:11:43:46 +0000] "POST /api/notice/queryNotice HTTP/1.0" 200 315 "http://localhost:3000/second" "Mozilla/5.0 (Windows NT 10.0; Win64; x64) AppleWebKit/537.36 (KHTML, like Gecko) Chrome/80.0.3987.163 Safari/537.36"
::ffff:127.0.0.1 - - [24/May/2020:11:43:47 +0000] "GET /api/user/login-test HTTP/1.0" 304 - "http://localhost:3000/second" "Mozilla/5.0 (Windows NT 10.0; Win64; x64) AppleWebKit/537.36 (KHTML, like Gecko) Chrome/80.0.3987.163 Safari/537.36"
::1 - - [24/May/2020:11:43:47 +0000] "POST /api/notice/queryNotice HTTP/1.0" 200 315 "http://localhost:3000/second" "Mozilla/5.0 (Windows NT 10.0; Win64; x64) AppleWebKit/537.36 (KHTML, like Gecko) Chrome/80.0.3987.163 Safari/537.36"
=======
>>>>>>> fcb84dfbd9af500c81811c45da2713ea6fcb1578
>>>>>>> bdb755fd947655bdd7974d0703f326645fa97343
::1 - - [25/May/2020:06:23:27 +0000] "GET /api/user/login-test HTTP/1.0" 200 30 "http://localhost:3000/login" "Mozilla/5.0 (Windows NT 10.0; WOW64) AppleWebKit/537.36 (KHTML, like Gecko) Chrome/81.0.4044.138 Safari/537.36"
::ffff:127.0.0.1 - - [25/May/2020:06:23:35 +0000] "POST /api/user/login HTTP/1.0" 200 50 "http://localhost:3000/login" "Mozilla/5.0 (Windows NT 10.0; WOW64) AppleWebKit/537.36 (KHTML, like Gecko) Chrome/81.0.4044.138 Safari/537.36"
::1 - - [25/May/2020:06:23:35 +0000] "GET /api/user/login-test HTTP/1.0" 200 29 "http://localhost:3000/login" "Mozilla/5.0 (Windows NT 10.0; WOW64) AppleWebKit/537.36 (KHTML, like Gecko) Chrome/81.0.4044.138 Safari/537.36"
::ffff:127.0.0.1 - - [25/May/2020:06:23:35 +0000] "POST /api/info/queryInfo HTTP/1.0" 200 166 "http://localhost:3000/first" "Mozilla/5.0 (Windows NT 10.0; WOW64) AppleWebKit/537.36 (KHTML, like Gecko) Chrome/81.0.4044.138 Safari/537.36"
::1 - - [25/May/2020:06:23:39 +0000] "GET /api/user/login-test HTTP/1.0" 304 - "http://localhost:3000/first" "Mozilla/5.0 (Windows NT 10.0; WOW64) AppleWebKit/537.36 (KHTML, like Gecko) Chrome/81.0.4044.138 Safari/537.36"
::ffff:127.0.0.1 - - [25/May/2020:06:31:57 +0000] "GET /api/user/login-test HTTP/1.0" 304 - "http://localhost:3000/fifth" "Mozilla/5.0 (Windows NT 10.0; WOW64) AppleWebKit/537.36 (KHTML, like Gecko) Chrome/81.0.4044.138 Safari/537.36"
::1 - - [25/May/2020:06:34:14 +0000] "GET /api/user/login-test HTTP/1.0" 304 - "http://localhost:3000/fifth" "Mozilla/5.0 (Windows NT 10.0; WOW64) AppleWebKit/537.36 (KHTML, like Gecko) Chrome/81.0.4044.138 Safari/537.36"
::ffff:127.0.0.1 - - [25/May/2020:06:35:02 +0000] "GET /api/user/login-test HTTP/1.0" 304 - "http://localhost:3000/fifth" "Mozilla/5.0 (Windows NT 10.0; WOW64) AppleWebKit/537.36 (KHTML, like Gecko) Chrome/81.0.4044.138 Safari/537.36"
::1 - - [25/May/2020:06:41:07 +0000] "GET /api/user/login-test HTTP/1.0" 304 - "http://localhost:3000/fifth" "Mozilla/5.0 (Windows NT 10.0; WOW64) AppleWebKit/537.36 (KHTML, like Gecko) Chrome/81.0.4044.138 Safari/537.36"
::ffff:127.0.0.1 - - [25/May/2020:06:42:35 +0000] "GET /api/user/login-test HTTP/1.0" 304 - "http://localhost:3000/fifth" "Mozilla/5.0 (Windows NT 10.0; WOW64) AppleWebKit/537.36 (KHTML, like Gecko) Chrome/81.0.4044.138 Safari/537.36"
::1 - - [25/May/2020:06:46:02 +0000] "GET /api/user/login-test HTTP/1.0" 304 - "http://localhost:3000/fifth" "Mozilla/5.0 (Windows NT 10.0; WOW64) AppleWebKit/537.36 (KHTML, like Gecko) Chrome/81.0.4044.138 Safari/537.36"
::ffff:127.0.0.1 - - [25/May/2020:06:46:05 +0000] "POST /api/pay/payCharge HTTP/1.0" 200 11 "http://localhost:3000/sixth" "Mozilla/5.0 (Windows NT 10.0; WOW64) AppleWebKit/537.36 (KHTML, like Gecko) Chrome/81.0.4044.138 Safari/537.36"
::1 - - [25/May/2020:06:46:17 +0000] "GET /api/user/login-test HTTP/1.0" 304 - "http://localhost:3000/sixth" "Mozilla/5.0 (Windows NT 10.0; WOW64) AppleWebKit/537.36 (KHTML, like Gecko) Chrome/81.0.4044.138 Safari/537.36"
::ffff:127.0.0.1 - - [25/May/2020:06:54:23 +0000] "GET /api/user/login-test HTTP/1.0" 304 - "http://localhost:3000/sixth" "Mozilla/5.0 (Windows NT 10.0; WOW64) AppleWebKit/537.36 (KHTML, like Gecko) Chrome/81.0.4044.138 Safari/537.36"
::1 - - [25/May/2020:07:24:47 +0000] "GET /api/user/login-test HTTP/1.0" 304 - "http://localhost:3000/sixth" "Mozilla/5.0 (Windows NT 10.0; WOW64) AppleWebKit/537.36 (KHTML, like Gecko) Chrome/81.0.4044.138 Safari/537.36"
::ffff:127.0.0.1 - - [25/May/2020:07:27:51 +0000] "GET /api/user/login-test HTTP/1.0" 304 - "http://localhost:3000/sixth" "Mozilla/5.0 (Windows NT 10.0; WOW64) AppleWebKit/537.36 (KHTML, like Gecko) Chrome/81.0.4044.138 Safari/537.36"
::1 - - [25/May/2020:07:28:54 +0000] "GET /api/user/login-test HTTP/1.0" 304 - "http://localhost:3000/login" "Mozilla/5.0 (Windows NT 10.0; WOW64) AppleWebKit/537.36 (KHTML, like Gecko) Chrome/81.0.4044.138 Safari/537.36"
::ffff:127.0.0.1 - - [25/May/2020:07:28:54 +0000] "GET /api/user/login-test HTTP/1.0" 304 - "http://localhost:3000/login" "Mozilla/5.0 (Windows NT 10.0; WOW64) AppleWebKit/537.36 (KHTML, like Gecko) Chrome/81.0.4044.138 Safari/537.36"
::1 - - [25/May/2020:07:28:54 +0000] "POST /api/info/queryInfo HTTP/1.0" 200 166 "http://localhost:3000/first" "Mozilla/5.0 (Windows NT 10.0; WOW64) AppleWebKit/537.36 (KHTML, like Gecko) Chrome/81.0.4044.138 Safari/537.36"
::ffff:127.0.0.1 - - [25/May/2020:07:29:13 +0000] "GET /api/user/login-test HTTP/1.0" 304 - "http://localhost:3000/first" "Mozilla/5.0 (Windows NT 10.0; WOW64) AppleWebKit/537.36 (KHTML, like Gecko) Chrome/81.0.4044.138 Safari/537.36"
::1 - - [25/May/2020:07:29:14 +0000] "GET /api/user/login-test HTTP/1.0" 304 - "http://localhost:3000/first" "Mozilla/5.0 (Windows NT 10.0; WOW64) AppleWebKit/537.36 (KHTML, like Gecko) Chrome/81.0.4044.138 Safari/537.36"
::ffff:127.0.0.1 - - [25/May/2020:07:29:24 +0000] "GET /api/user/login-test HTTP/1.0" 304 - "http://localhost:3000/sixth" "Mozilla/5.0 (Windows NT 10.0; WOW64) AppleWebKit/537.36 (KHTML, like Gecko) Chrome/81.0.4044.138 Safari/537.36"
::1 - - [25/May/2020:08:08:01 +0000] "POST /api/pay/payCharge HTTP/1.0" 200 11 "http://localhost:3000/sixth" "Mozilla/5.0 (Windows NT 10.0; WOW64) AppleWebKit/537.36 (KHTML, like Gecko) Chrome/81.0.4044.138 Safari/537.36"
::ffff:127.0.0.1 - - [25/May/2020:08:08:36 +0000] "POST /api/pay/payCharge HTTP/1.0" 200 11 "http://localhost:3000/sixth" "Mozilla/5.0 (Windows NT 10.0; WOW64) AppleWebKit/537.36 (KHTML, like Gecko) Chrome/81.0.4044.138 Safari/537.36"
::1 - - [25/May/2020:08:09:10 +0000] "GET /api/user/login-test HTTP/1.0" 304 - "http://localhost:3000/sixth" "Mozilla/5.0 (Windows NT 10.0; WOW64) AppleWebKit/537.36 (KHTML, like Gecko) Chrome/81.0.4044.138 Safari/537.36"
::ffff:127.0.0.1 - - [25/May/2020:08:09:12 +0000] "POST /api/pay/payCharge HTTP/1.0" 200 11 "http://localhost:3000/sixth" "Mozilla/5.0 (Windows NT 10.0; WOW64) AppleWebKit/537.36 (KHTML, like Gecko) Chrome/81.0.4044.138 Safari/537.36"
::1 - - [25/May/2020:08:11:35 +0000] "POST /api/pay/payCharge HTTP/1.0" 200 11 "http://localhost:3000/sixth" "Mozilla/5.0 (Windows NT 10.0; WOW64) AppleWebKit/537.36 (KHTML, like Gecko) Chrome/81.0.4044.138 Safari/537.36"
::ffff:127.0.0.1 - - [25/May/2020:08:13:51 +0000] "POST /api/pay/payCharge HTTP/1.0" 200 11 "http://localhost:3000/sixth" "Mozilla/5.0 (Windows NT 10.0; WOW64) AppleWebKit/537.36 (KHTML, like Gecko) Chrome/81.0.4044.138 Safari/537.36"
::1 - - [25/May/2020:08:15:54 +0000] "POST /api/pay/payCharge HTTP/1.0" 200 11 "http://localhost:3000/sixth" "Mozilla/5.0 (Windows NT 10.0; WOW64) AppleWebKit/537.36 (KHTML, like Gecko) Chrome/81.0.4044.138 Safari/537.36"
::ffff:127.0.0.1 - - [25/May/2020:08:16:20 +0000] "POST /api/pay/payCharge HTTP/1.0" 200 11 "http://localhost:3000/sixth" "Mozilla/5.0 (Windows NT 10.0; WOW64) AppleWebKit/537.36 (KHTML, like Gecko) Chrome/81.0.4044.138 Safari/537.36"
::1 - - [25/May/2020:08:17:06 +0000] "GET /api/user/login-test HTTP/1.0" 304 - "http://localhost:3000/sixth" "Mozilla/5.0 (Windows NT 10.0; WOW64) AppleWebKit/537.36 (KHTML, like Gecko) Chrome/81.0.4044.138 Safari/537.36"
::ffff:127.0.0.1 - - [25/May/2020:08:17:08 +0000] "POST /api/pay/payCharge HTTP/1.0" 200 11 "http://localhost:3000/sixth" "Mozilla/5.0 (Windows NT 10.0; WOW64) AppleWebKit/537.36 (KHTML, like Gecko) Chrome/81.0.4044.138 Safari/537.36"
::1 - - [25/May/2020:08:17:38 +0000] "GET /api/user/login-test HTTP/1.0" 304 - "http://localhost:3000/sixth" "Mozilla/5.0 (Windows NT 10.0; WOW64) AppleWebKit/537.36 (KHTML, like Gecko) Chrome/81.0.4044.138 Safari/537.36"
::ffff:127.0.0.1 - - [25/May/2020:08:17:40 +0000] "POST /api/pay/payCharge HTTP/1.0" 200 11 "http://localhost:3000/sixth" "Mozilla/5.0 (Windows NT 10.0; WOW64) AppleWebKit/537.36 (KHTML, like Gecko) Chrome/81.0.4044.138 Safari/537.36"
::1 - - [25/May/2020:08:17:59 +0000] "POST /api/pay/payCharge HTTP/1.0" 200 11 "http://localhost:3000/sixth" "Mozilla/5.0 (Windows NT 10.0; WOW64) AppleWebKit/537.36 (KHTML, like Gecko) Chrome/81.0.4044.138 Safari/537.36"
::ffff:127.0.0.1 - - [25/May/2020:08:18:12 +0000] "GET /api/user/login-test HTTP/1.0" 304 - "http://localhost:3000/sixth" "Mozilla/5.0 (Windows NT 10.0; WOW64) AppleWebKit/537.36 (KHTML, like Gecko) Chrome/81.0.4044.138 Safari/537.36"
::1 - - [25/May/2020:08:18:13 +0000] "POST /api/pay/payCharge HTTP/1.0" 200 11 "http://localhost:3000/sixth" "Mozilla/5.0 (Windows NT 10.0; WOW64) AppleWebKit/537.36 (KHTML, like Gecko) Chrome/81.0.4044.138 Safari/537.36"
::ffff:127.0.0.1 - - [25/May/2020:08:18:36 +0000] "GET /api/user/login-test HTTP/1.0" 304 - "http://localhost:3000/sixth" "Mozilla/5.0 (Windows NT 10.0; WOW64) AppleWebKit/537.36 (KHTML, like Gecko) Chrome/81.0.4044.138 Safari/537.36"
::1 - - [25/May/2020:08:18:38 +0000] "POST /api/pay/payCharge HTTP/1.0" 200 11 "http://localhost:3000/sixth" "Mozilla/5.0 (Windows NT 10.0; WOW64) AppleWebKit/537.36 (KHTML, like Gecko) Chrome/81.0.4044.138 Safari/537.36"
::ffff:127.0.0.1 - - [25/May/2020:08:18:52 +0000] "GET /api/user/login-test HTTP/1.0" 304 - "http://localhost:3000/sixth" "Mozilla/5.0 (Windows NT 10.0; WOW64) AppleWebKit/537.36 (KHTML, like Gecko) Chrome/81.0.4044.138 Safari/537.36"
::1 - - [25/May/2020:08:18:54 +0000] "POST /api/pay/payCharge HTTP/1.0" 200 11 "http://localhost:3000/sixth" "Mozilla/5.0 (Windows NT 10.0; WOW64) AppleWebKit/537.36 (KHTML, like Gecko) Chrome/81.0.4044.138 Safari/537.36"
::ffff:127.0.0.1 - - [25/May/2020:08:20:51 +0000] "POST /api/pay/payCharge HTTP/1.0" 200 11 "http://localhost:3000/sixth" "Mozilla/5.0 (Windows NT 10.0; WOW64) AppleWebKit/537.36 (KHTML, like Gecko) Chrome/81.0.4044.138 Safari/537.36"
::1 - - [25/May/2020:08:21:15 +0000] "POST /api/pay/payCharge HTTP/1.0" 200 11 "http://localhost:3000/sixth" "Mozilla/5.0 (Windows NT 10.0; WOW64) AppleWebKit/537.36 (KHTML, like Gecko) Chrome/81.0.4044.138 Safari/537.36"
::ffff:127.0.0.1 - - [25/May/2020:08:23:46 +0000] "POST /api/pay/payCharge HTTP/1.0" 200 11 "http://localhost:3000/sixth" "Mozilla/5.0 (Windows NT 10.0; WOW64) AppleWebKit/537.36 (KHTML, like Gecko) Chrome/81.0.4044.138 Safari/537.36"
::1 - - [25/May/2020:08:24:28 +0000] "POST /api/pay/payCharge HTTP/1.0" 200 11 "http://localhost:3000/sixth" "Mozilla/5.0 (Windows NT 10.0; WOW64) AppleWebKit/537.36 (KHTML, like Gecko) Chrome/81.0.4044.138 Safari/537.36"
::ffff:127.0.0.1 - - [25/May/2020:08:25:20 +0000] "POST /api/pay/payCharge HTTP/1.0" 200 11 "http://localhost:3000/sixth" "Mozilla/5.0 (Windows NT 10.0; WOW64) AppleWebKit/537.36 (KHTML, like Gecko) Chrome/81.0.4044.138 Safari/537.36"
::1 - - [25/May/2020:08:31:27 +0000] "GET /api/user/login-test HTTP/1.0" 304 - "http://localhost:3000/sixth" "Mozilla/5.0 (Windows NT 10.0; WOW64) AppleWebKit/537.36 (KHTML, like Gecko) Chrome/81.0.4044.138 Safari/537.36"
::ffff:127.0.0.1 - - [25/May/2020:08:31:28 +0000] "GET /api/user/login-test HTTP/1.0" 304 - "http://localhost:3000/sixth" "Mozilla/5.0 (Windows NT 10.0; WOW64) AppleWebKit/537.36 (KHTML, like Gecko) Chrome/81.0.4044.138 Safari/537.36"
::1 - - [25/May/2020:08:31:31 +0000] "GET /api/user/login-test HTTP/1.0" 304 - "http://localhost:3000/fifth" "Mozilla/5.0 (Windows NT 10.0; WOW64) AppleWebKit/537.36 (KHTML, like Gecko) Chrome/81.0.4044.138 Safari/537.36"
::ffff:127.0.0.1 - - [25/May/2020:08:31:32 +0000] "POST /api/check/selectFinish HTTP/1.0" 200 38 "http://localhost:3000/fourth" "Mozilla/5.0 (Windows NT 10.0; WOW64) AppleWebKit/537.36 (KHTML, like Gecko) Chrome/81.0.4044.138 Safari/537.36"
::1 - - [25/May/2020:08:31:32 +0000] "POST /api/pay/selectPay HTTP/1.0" 200 35 "http://localhost:3000/fourth" "Mozilla/5.0 (Windows NT 10.0; WOW64) AppleWebKit/537.36 (KHTML, like Gecko) Chrome/81.0.4044.138 Safari/537.36"
::ffff:127.0.0.1 - - [25/May/2020:08:34:28 +0000] "GET /api/user/login-test HTTP/1.0" 304 - "http://localhost:3000/fourth" "Mozilla/5.0 (Windows NT 10.0; WOW64) AppleWebKit/537.36 (KHTML, like Gecko) Chrome/81.0.4044.138 Safari/537.36"
::1 - - [25/May/2020:08:34:32 +0000] "POST /api/pay/payCharge HTTP/1.0" 200 11 "http://localhost:3000/sixth" "Mozilla/5.0 (Windows NT 10.0; WOW64) AppleWebKit/537.36 (KHTML, like Gecko) Chrome/81.0.4044.138 Safari/537.36"
::ffff:127.0.0.1 - - [25/May/2020:08:37:17 +0000] "POST /api/pay/payCharge HTTP/1.0" 200 11 "http://localhost:3000/sixth" "Mozilla/5.0 (Windows NT 10.0; WOW64) AppleWebKit/537.36 (KHTML, like Gecko) Chrome/81.0.4044.138 Safari/537.36"
::1 - - [25/May/2020:08:38:03 +0000] "GET /api/user/login-test HTTP/1.0" 304 - "http://localhost:3000/sixth" "Mozilla/5.0 (Windows NT 10.0; WOW64) AppleWebKit/537.36 (KHTML, like Gecko) Chrome/81.0.4044.138 Safari/537.36"
::ffff:127.0.0.1 - - [25/May/2020:08:38:05 +0000] "GET /api/user/login-test HTTP/1.0" 304 - "http://localhost:3000/sixth" "Mozilla/5.0 (Windows NT 10.0; WOW64) AppleWebKit/537.36 (KHTML, like Gecko) Chrome/81.0.4044.138 Safari/537.36"
::1 - - [25/May/2020:08:38:05 +0000] "POST /api/person/queryPersonInfo HTTP/1.0" 200 224 "http://localhost:3000/third" "Mozilla/5.0 (Windows NT 10.0; WOW64) AppleWebKit/537.36 (KHTML, like Gecko) Chrome/81.0.4044.138 Safari/537.36"
::ffff:127.0.0.1 - - [25/May/2020:08:38:08 +0000] "GET /api/user/login-test HTTP/1.0" 304 - "http://localhost:3000/third" "Mozilla/5.0 (Windows NT 10.0; WOW64) AppleWebKit/537.36 (KHTML, like Gecko) Chrome/81.0.4044.138 Safari/537.36"
::1 - - [25/May/2020:08:38:08 +0000] "POST /api/notice/queryNotice HTTP/1.0" 200 269 "http://localhost:3000/second" "Mozilla/5.0 (Windows NT 10.0; WOW64) AppleWebKit/537.36 (KHTML, like Gecko) Chrome/81.0.4044.138 Safari/537.36"
::ffff:127.0.0.1 - - [25/May/2020:08:38:08 +0000] "POST /api/notice/queryAllNotice HTTP/1.0" 200 232 "http://localhost:3000/second" "Mozilla/5.0 (Windows NT 10.0; WOW64) AppleWebKit/537.36 (KHTML, like Gecko) Chrome/81.0.4044.138 Safari/537.36"
::1 - - [25/May/2020:08:38:12 +0000] "GET /api/user/login-test HTTP/1.0" 304 - "http://localhost:3000/second" "Mozilla/5.0 (Windows NT 10.0; WOW64) AppleWebKit/537.36 (KHTML, like Gecko) Chrome/81.0.4044.138 Safari/537.36"
::ffff:127.0.0.1 - - [25/May/2020:08:38:13 +0000] "POST /api/info/queryInfo HTTP/1.0" 200 166 "http://localhost:3000/first" "Mozilla/5.0 (Windows NT 10.0; WOW64) AppleWebKit/537.36 (KHTML, like Gecko) Chrome/81.0.4044.138 Safari/537.36"
::1 - - [25/May/2020:08:38:18 +0000] "GET /api/user/login-test HTTP/1.0" 304 - "http://localhost:3000/first" "Mozilla/5.0 (Windows NT 10.0; WOW64) AppleWebKit/537.36 (KHTML, like Gecko) Chrome/81.0.4044.138 Safari/537.36"
::ffff:127.0.0.1 - - [25/May/2020:08:38:20 +0000] "POST /api/pay/payCharge HTTP/1.0" 200 11 "http://localhost:3000/sixth" "Mozilla/5.0 (Windows NT 10.0; WOW64) AppleWebKit/537.36 (KHTML, like Gecko) Chrome/81.0.4044.138 Safari/537.36"
::1 - - [25/May/2020:08:41:18 +0000] "GET /api/user/login-test HTTP/1.0" 304 - "http://localhost:3000/login" "Mozilla/5.0 (Windows NT 10.0; WOW64) AppleWebKit/537.36 (KHTML, like Gecko) Chrome/81.0.4044.138 Safari/537.36"
::ffff:127.0.0.1 - - [25/May/2020:08:41:18 +0000] "GET /api/user/login-test HTTP/1.0" 304 - "http://localhost:3000/login" "Mozilla/5.0 (Windows NT 10.0; WOW64) AppleWebKit/537.36 (KHTML, like Gecko) Chrome/81.0.4044.138 Safari/537.36"
::1 - - [25/May/2020:08:41:18 +0000] "POST /api/info/queryInfo HTTP/1.0" 200 166 "http://localhost:3000/first" "Mozilla/5.0 (Windows NT 10.0; WOW64) AppleWebKit/537.36 (KHTML, like Gecko) Chrome/81.0.4044.138 Safari/537.36"
::ffff:127.0.0.1 - - [25/May/2020:08:41:22 +0000] "GET /api/user/login-test HTTP/1.0" 304 - "http://localhost:3000/first" "Mozilla/5.0 (Windows NT 10.0; WOW64) AppleWebKit/537.36 (KHTML, like Gecko) Chrome/81.0.4044.138 Safari/537.36"
::1 - - [25/May/2020:08:41:24 +0000] "GET /api/user/login-test HTTP/1.0" 304 - "http://localhost:3000/admin" "Mozilla/5.0 (Windows NT 10.0; WOW64) AppleWebKit/537.36 (KHTML, like Gecko) Chrome/81.0.4044.138 Safari/537.36"
::ffff:127.0.0.1 - - [25/May/2020:16:53:10 +0000] "GET /api/user/login-test HTTP/1.0" 200 30 "http://localhost:3000/login" "Mozilla/5.0 (Windows NT 10.0; Win64; x64) AppleWebKit/537.36 (KHTML, like Gecko) Chrome/80.0.3987.163 Safari/537.36"
::1 - - [25/May/2020:16:53:18 +0000] "POST /api/user/login HTTP/1.0" 200 53 "http://localhost:3000/login" "Mozilla/5.0 (Windows NT 10.0; Win64; x64) AppleWebKit/537.36 (KHTML, like Gecko) Chrome/80.0.3987.163 Safari/537.36"
::ffff:127.0.0.1 - - [25/May/2020:16:53:18 +0000] "GET /api/user/login-test HTTP/1.0" 200 29 "http://localhost:3000/login" "Mozilla/5.0 (Windows NT 10.0; Win64; x64) AppleWebKit/537.36 (KHTML, like Gecko) Chrome/80.0.3987.163 Safari/537.36"
::1 - - [25/May/2020:16:53:18 +0000] "POST /api/info/queryInfo HTTP/1.0" 200 105 "http://localhost:3000/first" "Mozilla/5.0 (Windows NT 10.0; Win64; x64) AppleWebKit/537.36 (KHTML, like Gecko) Chrome/80.0.3987.163 Safari/537.36"
::ffff:127.0.0.1 - - [25/May/2020:16:53:30 +0000] "GET /api/user/login-test HTTP/1.0" 304 - "http://localhost:3000/first" "Mozilla/5.0 (Windows NT 10.0; Win64; x64) AppleWebKit/537.36 (KHTML, like Gecko) Chrome/80.0.3987.163 Safari/537.36"
::1 - - [25/May/2020:16:53:32 +0000] "GET /api/user/login-test HTTP/1.0" 304 - "http://localhost:3000/admin" "Mozilla/5.0 (Windows NT 10.0; Win64; x64) AppleWebKit/537.36 (KHTML, like Gecko) Chrome/80.0.3987.163 Safari/537.36"
::ffff:127.0.0.1 - - [25/May/2020:17:12:06 +0000] "GET /api/user/login-test HTTP/1.0" 304 - "http://localhost:3000/adfirst" "Mozilla/5.0 (Windows NT 10.0; Win64; x64) AppleWebKit/537.36 (KHTML, like Gecko) Chrome/80.0.3987.163 Safari/537.36"
::1 - - [25/May/2020:17:12:53 +0000] "GET /api/user/login-test HTTP/1.0" 304 - "http://localhost:3000/adfirst" "Mozilla/5.0 (Windows NT 10.0; Win64; x64) AppleWebKit/537.36 (KHTML, like Gecko) Chrome/80.0.3987.163 Safari/537.36"
::ffff:127.0.0.1 - - [25/May/2020:17:12:53 +0000] "POST /api/person/selectInfoFinish HTTP/1.0" 200 494 "http://localhost:3000/adfirst" "Mozilla/5.0 (Windows NT 10.0; Win64; x64) AppleWebKit/537.36 (KHTML, like Gecko) Chrome/80.0.3987.163 Safari/537.36"
::1 - - [25/May/2020:17:13:31 +0000] "POST /api/person/selectInfoFinish HTTP/1.0" 200 494 "http://localhost:3000/adfirst" "Mozilla/5.0 (Windows NT 10.0; Win64; x64) AppleWebKit/537.36 (KHTML, like Gecko) Chrome/80.0.3987.163 Safari/537.36"
::ffff:127.0.0.1 - - [25/May/2020:17:14:12 +0000] "GET /api/user/login-test HTTP/1.0" 304 - "http://localhost:3000/adfirst" "Mozilla/5.0 (Windows NT 10.0; Win64; x64) AppleWebKit/537.36 (KHTML, like Gecko) Chrome/80.0.3987.163 Safari/537.36"
::1 - - [25/May/2020:17:14:13 +0000] "POST /api/person/selectInfoFinish HTTP/1.0" 200 494 "http://localhost:3000/adfirst" "Mozilla/5.0 (Windows NT 10.0; Win64; x64) AppleWebKit/537.36 (KHTML, like Gecko) Chrome/80.0.3987.163 Safari/537.36"
::ffff:127.0.0.1 - - [25/May/2020:17:14:33 +0000] "POST /api/person/selectInfoFinish HTTP/1.0" 200 494 "http://localhost:3000/adfirst" "Mozilla/5.0 (Windows NT 10.0; Win64; x64) AppleWebKit/537.36 (KHTML, like Gecko) Chrome/80.0.3987.163 Safari/537.36"
::1 - - [25/May/2020:17:14:40 +0000] "GET /api/user/login-test HTTP/1.0" 304 - "http://localhost:3000/adfirst" "Mozilla/5.0 (Windows NT 10.0; Win64; x64) AppleWebKit/537.36 (KHTML, like Gecko) Chrome/80.0.3987.163 Safari/537.36"
::ffff:127.0.0.1 - - [25/May/2020:17:14:45 +0000] "GET /api/user/login-test HTTP/1.0" 304 - "http://localhost:3000/adsecond" "Mozilla/5.0 (Windows NT 10.0; Win64; x64) AppleWebKit/537.36 (KHTML, like Gecko) Chrome/80.0.3987.163 Safari/537.36"
::1 - - [25/May/2020:17:14:46 +0000] "GET /api/user/login-test HTTP/1.0" 304 - "http://localhost:3000/adthird" "Mozilla/5.0 (Windows NT 10.0; Win64; x64) AppleWebKit/537.36 (KHTML, like Gecko) Chrome/80.0.3987.163 Safari/537.36"
::ffff:127.0.0.1 - - [25/May/2020:17:14:48 +0000] "GET /api/user/login-test HTTP/1.0" 304 - "http://localhost:3000/adfourth" "Mozilla/5.0 (Windows NT 10.0; Win64; x64) AppleWebKit/537.36 (KHTML, like Gecko) Chrome/80.0.3987.163 Safari/537.36"
::1 - - [25/May/2020:17:15:01 +0000] "GET /api/user/login-test HTTP/1.0" 304 - "http://localhost:3000/login" "Mozilla/5.0 (Windows NT 10.0; Win64; x64) AppleWebKit/537.36 (KHTML, like Gecko) Chrome/80.0.3987.163 Safari/537.36"
::ffff:127.0.0.1 - - [25/May/2020:17:15:01 +0000] "GET /api/user/login-test HTTP/1.0" 304 - "http://localhost:3000/login" "Mozilla/5.0 (Windows NT 10.0; Win64; x64) AppleWebKit/537.36 (KHTML, like Gecko) Chrome/80.0.3987.163 Safari/537.36"
::1 - - [25/May/2020:17:15:01 +0000] "POST /api/info/queryInfo HTTP/1.0" 200 105 "http://localhost:3000/first" "Mozilla/5.0 (Windows NT 10.0; Win64; x64) AppleWebKit/537.36 (KHTML, like Gecko) Chrome/80.0.3987.163 Safari/537.36"
::ffff:127.0.0.1 - - [25/May/2020:17:15:03 +0000] "GET /api/user/login-test HTTP/1.0" 304 - "http://localhost:3000/first" "Mozilla/5.0 (Windows NT 10.0; Win64; x64) AppleWebKit/537.36 (KHTML, like Gecko) Chrome/80.0.3987.163 Safari/537.36"
::1 - - [25/May/2020:17:15:04 +0000] "POST /api/person/queryPersonInfo HTTP/1.0" 200 226 "http://localhost:3000/third" "Mozilla/5.0 (Windows NT 10.0; Win64; x64) AppleWebKit/537.36 (KHTML, like Gecko) Chrome/80.0.3987.163 Safari/537.36"
::ffff:127.0.0.1 - - [25/May/2020:17:15:05 +0000] "GET /api/user/login-test HTTP/1.0" 304 - "http://localhost:3000/third" "Mozilla/5.0 (Windows NT 10.0; Win64; x64) AppleWebKit/537.36 (KHTML, like Gecko) Chrome/80.0.3987.163 Safari/537.36"
::1 - - [25/May/2020:17:15:05 +0000] "POST /api/check/selectFinish HTTP/1.0" 200 38 "http://localhost:3000/fourth" "Mozilla/5.0 (Windows NT 10.0; Win64; x64) AppleWebKit/537.36 (KHTML, like Gecko) Chrome/80.0.3987.163 Safari/537.36"
::ffff:127.0.0.1 - - [25/May/2020:17:15:05 +0000] "POST /api/pay/selectPay HTTP/1.0" 200 35 "http://localhost:3000/fourth" "Mozilla/5.0 (Windows NT 10.0; Win64; x64) AppleWebKit/537.36 (KHTML, like Gecko) Chrome/80.0.3987.163 Safari/537.36"
::1 - - [25/May/2020:17:15:07 +0000] "GET /api/user/login-test HTTP/1.0" 304 - "http://localhost:3000/fourth" "Mozilla/5.0 (Windows NT 10.0; Win64; x64) AppleWebKit/537.36 (KHTML, like Gecko) Chrome/80.0.3987.163 Safari/537.36"
::ffff:127.0.0.1 - - [25/May/2020:17:15:15 +0000] "GET /api/user/login-test HTTP/1.0" 304 - "http://localhost:3000/fifth" "Mozilla/5.0 (Windows NT 10.0; Win64; x64) AppleWebKit/537.36 (KHTML, like Gecko) Chrome/80.0.3987.163 Safari/537.36"
::1 - - [25/May/2020:17:16:15 +0000] "GET /api/user/login-test HTTP/1.0" 304 - "http://localhost:3000/sixth" "Mozilla/5.0 (Windows NT 10.0; Win64; x64) AppleWebKit/537.36 (KHTML, like Gecko) Chrome/80.0.3987.163 Safari/537.36"
::ffff:127.0.0.1 - - [25/May/2020:17:29:44 +0000] "GET /api/user/login-test HTTP/1.0" 304 - "http://localhost:3000/fifth" "Mozilla/5.0 (Windows NT 10.0; Win64; x64) AppleWebKit/537.36 (KHTML, like Gecko) Chrome/80.0.3987.163 Safari/537.36"
::1 - - [25/May/2020:17:30:56 +0000] "POST /api/pay/payCharge HTTP/1.0" 200 11 "http://localhost:3000/sixth" "Mozilla/5.0 (Windows NT 10.0; Win64; x64) AppleWebKit/537.36 (KHTML, like Gecko) Chrome/80.0.3987.163 Safari/537.36"
::ffff:127.0.0.1 - - [25/May/2020:17:31:05 +0000] "GET /api/user/login-test HTTP/1.0" 304 - "http://localhost:3000/sixth" "Mozilla/5.0 (Windows NT 10.0; Win64; x64) AppleWebKit/537.36 (KHTML, like Gecko) Chrome/80.0.3987.163 Safari/537.36"
::1 - - [25/May/2020:17:31:28 +0000] "GET /api/user/login-test HTTP/1.0" 304 - "http://localhost:3000/sixth" "Mozilla/5.0 (Windows NT 10.0; Win64; x64) AppleWebKit/537.36 (KHTML, like Gecko) Chrome/80.0.3987.163 Safari/537.36"
::ffff:127.0.0.1 - - [25/May/2020:17:31:32 +0000] "POST /api/pay/payCharge HTTP/1.0" 200 11 "http://localhost:3000/sixth" "Mozilla/5.0 (Windows NT 10.0; Win64; x64) AppleWebKit/537.36 (KHTML, like Gecko) Chrome/80.0.3987.163 Safari/537.36"
::1 - - [25/May/2020:17:31:39 +0000] "GET /api/user/login-test HTTP/1.0" 304 - "http://localhost:3000/sixth" "Mozilla/5.0 (Windows NT 10.0; Win64; x64) AppleWebKit/537.36 (KHTML, like Gecko) Chrome/80.0.3987.163 Safari/537.36"
::ffff:127.0.0.1 - - [25/May/2020:17:33:32 +0000] "GET /api/user/login-test HTTP/1.0" 304 - "http://localhost:3000/sixth" "Mozilla/5.0 (Windows NT 10.0; Win64; x64) AppleWebKit/537.36 (KHTML, like Gecko) Chrome/80.0.3987.163 Safari/537.36"
::1 - - [25/May/2020:17:36:41 +0000] "GET /api/user/login-test HTTP/1.0" 304 - "http://localhost:3000/sixth" "Mozilla/5.0 (Windows NT 10.0; Win64; x64) AppleWebKit/537.36 (KHTML, like Gecko) Chrome/80.0.3987.163 Safari/537.36"
::ffff:127.0.0.1 - - [25/May/2020:17:41:13 +0000] "POST /api/pay/selectPay HTTP/1.0" 200 35 "http://localhost:3000/sixth" "Mozilla/5.0 (Windows NT 10.0; Win64; x64) AppleWebKit/537.36 (KHTML, like Gecko) Chrome/80.0.3987.163 Safari/537.36"
::1 - - [25/May/2020:17:41:50 +0000] "POST /api/pay/selectPay HTTP/1.0" 200 35 "http://localhost:3000/sixth" "Mozilla/5.0 (Windows NT 10.0; Win64; x64) AppleWebKit/537.36 (KHTML, like Gecko) Chrome/80.0.3987.163 Safari/537.36"
::ffff:127.0.0.1 - - [25/May/2020:17:42:12 +0000] "GET /api/user/login-test HTTP/1.0" 304 - "http://localhost:3000/sixth" "Mozilla/5.0 (Windows NT 10.0; Win64; x64) AppleWebKit/537.36 (KHTML, like Gecko) Chrome/80.0.3987.163 Safari/537.36"
::1 - - [25/May/2020:17:42:12 +0000] "POST /api/pay/selectPay HTTP/1.0" 200 33 "http://localhost:3000/sixth" "Mozilla/5.0 (Windows NT 10.0; Win64; x64) AppleWebKit/537.36 (KHTML, like Gecko) Chrome/80.0.3987.163 Safari/537.36"
::ffff:127.0.0.1 - - [25/May/2020:17:53:33 +0000] "POST /api/pay/selectPay HTTP/1.0" 200 33 "http://localhost:3000/sixth" "Mozilla/5.0 (Windows NT 10.0; Win64; x64) AppleWebKit/537.36 (KHTML, like Gecko) Chrome/80.0.3987.163 Safari/537.36"
::1 - - [25/May/2020:17:53:33 +0000] "POST /api/pay/queryPayOff HTTP/1.0" 500 1285 "http://localhost:3000/sixth" "Mozilla/5.0 (Windows NT 10.0; Win64; x64) AppleWebKit/537.36 (KHTML, like Gecko) Chrome/80.0.3987.163 Safari/537.36"
::1 - - [25/May/2020:23:53:57 +0000] "GET /api/user/login-test HTTP/1.0" 200 30 "http://localhost:3000/first" "Mozilla/5.0 (Windows NT 10.0; WOW64) AppleWebKit/537.36 (KHTML, like Gecko) Chrome/79.0.3945.130 Safari/537.36"
::ffff:127.0.0.1 - - [25/May/2020:23:53:57 +0000] "GET /api/user/login-test HTTP/1.0" 304 - "http://localhost:3000/login" "Mozilla/5.0 (Windows NT 10.0; WOW64) AppleWebKit/537.36 (KHTML, like Gecko) Chrome/79.0.3945.130 Safari/537.36"
::1 - - [25/May/2020:23:54:06 +0000] "POST /api/user/login HTTP/1.0" 200 34 "http://localhost:3000/login" "Mozilla/5.0 (Windows NT 10.0; WOW64) AppleWebKit/537.36 (KHTML, like Gecko) Chrome/79.0.3945.130 Safari/537.36"
::ffff:127.0.0.1 - - [25/May/2020:23:54:11 +0000] "POST /api/user/login HTTP/1.0" 200 53 "http://localhost:3000/login" "Mozilla/5.0 (Windows NT 10.0; WOW64) AppleWebKit/537.36 (KHTML, like Gecko) Chrome/79.0.3945.130 Safari/537.36"
::1 - - [25/May/2020:23:54:11 +0000] "GET /api/user/login-test HTTP/1.0" 200 29 "http://localhost:3000/login" "Mozilla/5.0 (Windows NT 10.0; WOW64) AppleWebKit/537.36 (KHTML, like Gecko) Chrome/79.0.3945.130 Safari/537.36"
::ffff:127.0.0.1 - - [25/May/2020:23:54:11 +0000] "POST /api/info/queryInfo HTTP/1.0" 200 304 "http://localhost:3000/first" "Mozilla/5.0 (Windows NT 10.0; WOW64) AppleWebKit/537.36 (KHTML, like Gecko) Chrome/79.0.3945.130 Safari/537.36"
::1 - - [25/May/2020:23:54:20 +0000] "GET /api/user/login-test HTTP/1.0" 304 - "http://localhost:3000/first" "Mozilla/5.0 (Windows NT 10.0; WOW64) AppleWebKit/537.36 (KHTML, like Gecko) Chrome/79.0.3945.130 Safari/537.36"
::ffff:127.0.0.1 - - [25/May/2020:23:54:34 +0000] "GET /api/user/login-test HTTP/1.0" 304 - "http://localhost:3000/fifth" "Mozilla/5.0 (Windows NT 10.0; WOW64) AppleWebKit/537.36 (KHTML, like Gecko) Chrome/79.0.3945.130 Safari/537.36"
::1 - - [25/May/2020:23:54:34 +0000] "POST /api/info/queryInfo HTTP/1.0" 200 304 "http://localhost:3000/first" "Mozilla/5.0 (Windows NT 10.0; WOW64) AppleWebKit/537.36 (KHTML, like Gecko) Chrome/79.0.3945.130 Safari/537.36"
::ffff:127.0.0.1 - - [25/May/2020:23:54:36 +0000] "GET /api/user/login-test HTTP/1.0" 304 - "http://localhost:3000/first" "Mozilla/5.0 (Windows NT 10.0; WOW64) AppleWebKit/537.36 (KHTML, like Gecko) Chrome/79.0.3945.130 Safari/537.36"
::1 - - [25/May/2020:23:54:41 +0000] "GET /api/user/login-test HTTP/1.0" 304 - "http://localhost:3000/admin" "Mozilla/5.0 (Windows NT 10.0; WOW64) AppleWebKit/537.36 (KHTML, like Gecko) Chrome/79.0.3945.130 Safari/537.36"
::ffff:127.0.0.1 - - [25/May/2020:23:54:41 +0000] "POST /api/person/selectInfoFinish HTTP/1.0" 200 494 "http://localhost:3000/adfirst" "Mozilla/5.0 (Windows NT 10.0; WOW64) AppleWebKit/537.36 (KHTML, like Gecko) Chrome/79.0.3945.130 Safari/537.36"
::1 - - [25/May/2020:23:55:03 +0000] "GET /api/user/login-test HTTP/1.0" 304 - "http://localhost:3000/adfirst" "Mozilla/5.0 (Windows NT 10.0; WOW64) AppleWebKit/537.36 (KHTML, like Gecko) Chrome/79.0.3945.130 Safari/537.36"
::ffff:127.0.0.1 - - [25/May/2020:23:59:11 +0000] "GET /api/user/login-test HTTP/1.0" 304 - "http://localhost:3000/adfirst" "Mozilla/5.0 (Windows NT 10.0; WOW64) AppleWebKit/537.36 (KHTML, like Gecko) Chrome/79.0.3945.130 Safari/537.36"
::1 - - [25/May/2020:23:59:12 +0000] "POST /api/person/selectInfoFinish HTTP/1.0" 200 494 "http://localhost:3000/adfirst" "Mozilla/5.0 (Windows NT 10.0; WOW64) AppleWebKit/537.36 (KHTML, like Gecko) Chrome/79.0.3945.130 Safari/537.36"
::ffff:127.0.0.1 - - [25/May/2020:23:59:12 +0000] "GET /api/user/login-test HTTP/1.0" 304 - "http://localhost:3000/admin" "Mozilla/5.0 (Windows NT 10.0; WOW64) AppleWebKit/537.36 (KHTML, like Gecko) Chrome/79.0.3945.130 Safari/537.36"
::1 - - [25/May/2020:23:59:13 +0000] "GET /api/user/login-test HTTP/1.0" 304 - "http://localhost:3000/first" "Mozilla/5.0 (Windows NT 10.0; WOW64) AppleWebKit/537.36 (KHTML, like Gecko) Chrome/79.0.3945.130 Safari/537.36"
::ffff:127.0.0.1 - - [25/May/2020:23:59:13 +0000] "POST /api/info/queryInfo HTTP/1.0" 200 304 "http://localhost:3000/first" "Mozilla/5.0 (Windows NT 10.0; WOW64) AppleWebKit/537.36 (KHTML, like Gecko) Chrome/79.0.3945.130 Safari/537.36"
::1 - - [25/May/2020:23:59:16 +0000] "GET /api/user/login-test HTTP/1.0" 304 - "http://localhost:3000/first" "Mozilla/5.0 (Windows NT 10.0; WOW64) AppleWebKit/537.36 (KHTML, like Gecko) Chrome/79.0.3945.130 Safari/537.36"
::ffff:127.0.0.1 - - [25/May/2020:23:59:49 +0000] "GET /api/user/login-test HTTP/1.0" 304 - "http://localhost:3000/fifth" "Mozilla/5.0 (Windows NT 10.0; WOW64) AppleWebKit/537.36 (KHTML, like Gecko) Chrome/79.0.3945.130 Safari/537.36"
::1 - - [25/May/2020:23:59:50 +0000] "POST /api/pay/queryPayOff HTTP/1.0" 200 380 "http://localhost:3000/sixth" "Mozilla/5.0 (Windows NT 10.0; WOW64) AppleWebKit/537.36 (KHTML, like Gecko) Chrome/79.0.3945.130 Safari/537.36"
::ffff:127.0.0.1 - - [25/May/2020:23:59:50 +0000] "POST /api/pay/selectPay HTTP/1.0" 200 33 "http://localhost:3000/sixth" "Mozilla/5.0 (Windows NT 10.0; WOW64) AppleWebKit/537.36 (KHTML, like Gecko) Chrome/79.0.3945.130 Safari/537.36"
::1 - - [26/May/2020:00:00:03 +0000] "GET /api/user/login-test HTTP/1.0" 304 - "http://localhost:3000/sixth" "Mozilla/5.0 (Windows NT 10.0; WOW64) AppleWebKit/537.36 (KHTML, like Gecko) Chrome/79.0.3945.130 Safari/537.36"
::ffff:127.0.0.1 - - [26/May/2020:00:02:10 +0000] "GET /api/user/login-test HTTP/1.0" 304 - "http://localhost:3000/fifth" "Mozilla/5.0 (Windows NT 10.0; WOW64) AppleWebKit/537.36 (KHTML, like Gecko) Chrome/79.0.3945.130 Safari/537.36"
::1 - - [26/May/2020:00:02:10 +0000] "POST /api/info/queryInfo HTTP/1.0" 200 304 "http://localhost:3000/first" "Mozilla/5.0 (Windows NT 10.0; WOW64) AppleWebKit/537.36 (KHTML, like Gecko) Chrome/79.0.3945.130 Safari/537.36"
::ffff:127.0.0.1 - - [26/May/2020:00:02:17 +0000] "GET /api/user/login-test HTTP/1.0" 304 - "http://localhost:3000/first" "Mozilla/5.0 (Windows NT 10.0; WOW64) AppleWebKit/537.36 (KHTML, like Gecko) Chrome/79.0.3945.130 Safari/537.36"
::1 - - [26/May/2020:00:02:18 +0000] "POST /api/info/queryInfo HTTP/1.0" 200 304 "http://localhost:3000/first" "Mozilla/5.0 (Windows NT 10.0; WOW64) AppleWebKit/537.36 (KHTML, like Gecko) Chrome/79.0.3945.130 Safari/537.36"
::ffff:127.0.0.1 - - [26/May/2020:00:02:22 +0000] "GET /api/user/login-test HTTP/1.0" 304 - "http://localhost:3000/first" "Mozilla/5.0 (Windows NT 10.0; WOW64) AppleWebKit/537.36 (KHTML, like Gecko) Chrome/79.0.3945.130 Safari/537.36"
::1 - - [26/May/2020:00:02:28 +0000] "GET /api/user/login-test HTTP/1.0" 304 - "http://localhost:3000/admin" "Mozilla/5.0 (Windows NT 10.0; WOW64) AppleWebKit/537.36 (KHTML, like Gecko) Chrome/79.0.3945.130 Safari/537.36"
::ffff:127.0.0.1 - - [26/May/2020:00:30:47 +0000] "GET /api/user/login-test HTTP/1.0" 304 - "http://localhost:3000/admin" "Mozilla/5.0 (Windows NT 10.0; WOW64) AppleWebKit/537.36 (KHTML, like Gecko) Chrome/79.0.3945.130 Safari/537.36"
::1 - - [26/May/2020:00:30:48 +0000] "GET /api/user/login-test HTTP/1.0" 304 - "http://localhost:3000/first" "Mozilla/5.0 (Windows NT 10.0; WOW64) AppleWebKit/537.36 (KHTML, like Gecko) Chrome/79.0.3945.130 Safari/537.36"
::ffff:127.0.0.1 - - [26/May/2020:00:30:48 +0000] "POST /api/info/queryInfo HTTP/1.0" 200 304 "http://localhost:3000/first" "Mozilla/5.0 (Windows NT 10.0; WOW64) AppleWebKit/537.36 (KHTML, like Gecko) Chrome/79.0.3945.130 Safari/537.36"
::1 - - [26/May/2020:00:30:50 +0000] "GET /api/user/login-test HTTP/1.0" 304 - "http://localhost:3000/first" "Mozilla/5.0 (Windows NT 10.0; WOW64) AppleWebKit/537.36 (KHTML, like Gecko) Chrome/79.0.3945.130 Safari/537.36"
::ffff:127.0.0.1 - - [26/May/2020:00:49:42 +0000] "GET /api/user/login-test HTTP/1.0" 304 - "http://localhost:3000/fifth" "Mozilla/5.0 (Windows NT 10.0; WOW64) AppleWebKit/537.36 (KHTML, like Gecko) Chrome/79.0.3945.130 Safari/537.36"
::1 - - [26/May/2020:00:49:43 +0000] "POST /api/info/queryInfo HTTP/1.0" 200 304 "http://localhost:3000/first" "Mozilla/5.0 (Windows NT 10.0; WOW64) AppleWebKit/537.36 (KHTML, like Gecko) Chrome/79.0.3945.130 Safari/537.36"
::ffff:127.0.0.1 - - [26/May/2020:00:49:45 +0000] "GET /api/user/login-test HTTP/1.0" 304 - "http://localhost:3000/first" "Mozilla/5.0 (Windows NT 10.0; WOW64) AppleWebKit/537.36 (KHTML, like Gecko) Chrome/79.0.3945.130 Safari/537.36"
::1 - - [26/May/2020:00:49:47 +0000] "GET /api/user/login-test HTTP/1.0" 304 - "http://localhost:3000/admin" "Mozilla/5.0 (Windows NT 10.0; WOW64) AppleWebKit/537.36 (KHTML, like Gecko) Chrome/79.0.3945.130 Safari/537.36"
::ffff:127.0.0.1 - - [26/May/2020:00:50:13 +0000] "GET /api/user/login-test HTTP/1.0" 304 - "http://localhost:3000/adsecond" "Mozilla/5.0 (Windows NT 10.0; WOW64) AppleWebKit/537.36 (KHTML, like Gecko) Chrome/79.0.3945.130 Safari/537.36"
::1 - - [26/May/2020:00:55:34 +0000] "GET /api/user/login-test HTTP/1.0" 304 - "http://localhost:3000/adsecond" "Mozilla/5.0 (Windows NT 10.0; WOW64) AppleWebKit/537.36 (KHTML, like Gecko) Chrome/79.0.3945.130 Safari/537.36"
::ffff:127.0.0.1 - - [26/May/2020:01:01:52 +0000] "GET /api/user/login-test HTTP/1.0" 304 - "http://localhost:3000/adsecond" "Mozilla/5.0 (Windows NT 10.0; WOW64) AppleWebKit/537.36 (KHTML, like Gecko) Chrome/79.0.3945.130 Safari/537.36"
::1 - - [26/May/2020:01:02:31 +0000] "GET /api/user/login-test HTTP/1.0" 304 - "http://localhost:3000/adsecond" "Mozilla/5.0 (Windows NT 10.0; WOW64) AppleWebKit/537.36 (KHTML, like Gecko) Chrome/79.0.3945.130 Safari/537.36"
::ffff:127.0.0.1 - - [26/May/2020:01:06:05 +0000] "GET /api/user/login-test HTTP/1.0" 304 - "http://localhost:3000/adsecond" "Mozilla/5.0 (Windows NT 10.0; WOW64) AppleWebKit/537.36 (KHTML, like Gecko) Chrome/79.0.3945.130 Safari/537.36"
::1 - - [26/May/2020:01:11:28 +0000] "GET /api/user/login-test HTTP/1.0" 304 - "http://localhost:3000/adsecond" "Mozilla/5.0 (Windows NT 10.0; WOW64) AppleWebKit/537.36 (KHTML, like Gecko) Chrome/79.0.3945.130 Safari/537.36"
::ffff:127.0.0.1 - - [26/May/2020:01:13:22 +0000] "GET /api/user/login-test HTTP/1.0" 304 - "http://localhost:3000/adsecond" "Mozilla/5.0 (Windows NT 10.0; WOW64) AppleWebKit/537.36 (KHTML, like Gecko) Chrome/79.0.3945.130 Safari/537.36"
::1 - - [26/May/2020:02:50:06 +0000] "GET /api/user/login-test HTTP/1.0" 304 - "http://localhost:3000/adsecond" "Mozilla/5.0 (Windows NT 10.0; WOW64) AppleWebKit/537.36 (KHTML, like Gecko) Chrome/79.0.3945.130 Safari/537.36"
::ffff:127.0.0.1 - - [26/May/2020:02:53:33 +0000] "GET /api/user/login-test HTTP/1.0" 304 - "http://localhost:3000/adsecond" "Mozilla/5.0 (Windows NT 10.0; WOW64) AppleWebKit/537.36 (KHTML, like Gecko) Chrome/79.0.3945.130 Safari/537.36"
::1 - - [26/May/2020:03:08:58 +0000] "GET /api/user/login-test HTTP/1.0" 304 - "http://localhost:3000/adsecond" "Mozilla/5.0 (Windows NT 10.0; WOW64) AppleWebKit/537.36 (KHTML, like Gecko) Chrome/79.0.3945.130 Safari/537.36"
::ffff:127.0.0.1 - - [26/May/2020:03:10:32 +0000] "GET /api/user/login-test HTTP/1.0" 304 - "http://localhost:3000/adsecond" "Mozilla/5.0 (Windows NT 10.0; WOW64) AppleWebKit/537.36 (KHTML, like Gecko) Chrome/79.0.3945.130 Safari/537.36"
::1 - - [27/May/2020:04:23:36 +0000] "GET /api/user/login-test HTTP/1.0" 200 30 "http://localhost:3000/login" "Mozilla/5.0 (Windows NT 10.0; WOW64) AppleWebKit/537.36 (KHTML, like Gecko) Chrome/83.0.4103.61 Safari/537.36"
::ffff:127.0.0.1 - - [27/May/2020:04:23:43 +0000] "POST /api/user/login HTTP/1.0" 200 50 "http://localhost:3000/login" "Mozilla/5.0 (Windows NT 10.0; WOW64) AppleWebKit/537.36 (KHTML, like Gecko) Chrome/83.0.4103.61 Safari/537.36"
::1 - - [27/May/2020:04:23:43 +0000] "GET /api/user/login-test HTTP/1.0" 200 29 "http://localhost:3000/login" "Mozilla/5.0 (Windows NT 10.0; WOW64) AppleWebKit/537.36 (KHTML, like Gecko) Chrome/83.0.4103.61 Safari/537.36"
::ffff:127.0.0.1 - - [27/May/2020:04:23:44 +0000] "POST /api/info/queryInfo HTTP/1.0" 200 166 "http://localhost:3000/first" "Mozilla/5.0 (Windows NT 10.0; WOW64) AppleWebKit/537.36 (KHTML, like Gecko) Chrome/83.0.4103.61 Safari/537.36"
::1 - - [27/May/2020:04:23:46 +0000] "GET /api/user/login-test HTTP/1.0" 304 - "http://localhost:3000/first" "Mozilla/5.0 (Windows NT 10.0; WOW64) AppleWebKit/537.36 (KHTML, like Gecko) Chrome/83.0.4103.61 Safari/537.36"
